Archive member included to satisfy reference by file (symbol)

.pio/build/genericSTM32F401CC/lib420/libros_lib.a(time.cpp.o)
                              .pio/build/genericSTM32F401CC/src/main.cpp.o (ros::normalizeSecNSec(unsigned long&, unsigned long&))
.pio/build/genericSTM32F401CC/lib420/libros_lib.a(duration.cpp.o)
                              .pio/build/genericSTM32F401CC/lib420/libros_lib.a(time.cpp.o) (ros::normalizeSecNSecSigned(long&, long&))
.pio/build/genericSTM32F401CC/libFrameworkArduino.a(USBSerial.cpp.o)
                              .pio/build/genericSTM32F401CC/src/main.cpp.o (USBSerial::begin(unsigned long))
.pio/build/genericSTM32F401CC/libFrameworkArduino.a(main.cpp.o)
                              /home/ayush/.platformio/packages/toolchain-gccarmnoneeabi/bin/../lib/gcc/arm-none-eabi/12.3.1/../../../../arm-none-eabi/lib/thumb/v7e-m+fp/hard/crt0.o (main)
.pio/build/genericSTM32F401CC/libFrameworkArduino.a(startup_stm32yyxx.S.o)
                              (Reset_Handler)
.pio/build/genericSTM32F401CC/libFrameworkArduino.a(cdc_queue.c.o)
                              .pio/build/genericSTM32F401CC/libFrameworkArduino.a(USBSerial.cpp.o) (CDC_TransmitQueue_WriteSize)
.pio/build/genericSTM32F401CC/libFrameworkArduino.a(usbd_cdc_if.c.o)
                              .pio/build/genericSTM32F401CC/libFrameworkArduino.a(USBSerial.cpp.o) (dtrState)
.pio/build/genericSTM32F401CC/libFrameworkArduino.a(usb_device_core.c.o)
                              .pio/build/genericSTM32F401CC/libFrameworkArduino.a(usbd_cdc_if.c.o) (USBD_Init)
.pio/build/genericSTM32F401CC/libFrameworkArduino.a(usb_device_ctlreq.c.o)
                              .pio/build/genericSTM32F401CC/libFrameworkArduino.a(usb_device_core.c.o) (USBD_StdDevReq)
.pio/build/genericSTM32F401CC/libFrameworkArduino.a(usb_device_ioreq.c.o)
                              .pio/build/genericSTM32F401CC/libFrameworkArduino.a(usb_device_ctlreq.c.o) (USBD_CtlSendData)
.pio/build/genericSTM32F401CC/libFrameworkArduino.a(usbd_conf.c.o)
                              .pio/build/genericSTM32F401CC/libFrameworkArduino.a(usb_device_core.c.o) (USBD_LL_Init)
.pio/build/genericSTM32F401CC/libFrameworkArduino.a(usbd_desc.c.o)
                              .pio/build/genericSTM32F401CC/libFrameworkArduino.a(usbd_cdc_if.c.o) (USBD_Desc)
.pio/build/genericSTM32F401CC/libFrameworkArduino.a(usbd_ep_conf.c.o)
                              .pio/build/genericSTM32F401CC/libFrameworkArduino.a(usbd_conf.c.o) (ep_def)
.pio/build/genericSTM32F401CC/libFrameworkArduino.a(usbd_if.c.o)
                              .pio/build/genericSTM32F401CC/libFrameworkArduino.a(usbd_conf.c.o) (USBD_reenumerate)
.pio/build/genericSTM32F401CC/libFrameworkArduino.a(wiring_analog.c.o)
                              .pio/build/genericSTM32F401CC/src/main.cpp.o (analogWrite)
.pio/build/genericSTM32F401CC/libFrameworkArduino.a(wiring_digital.c.o)
                              .pio/build/genericSTM32F401CC/src/main.cpp.o (pinMode)
.pio/build/genericSTM32F401CC/libFrameworkArduino.a(wiring_time.c.o)
                              .pio/build/genericSTM32F401CC/src/main.cpp.o (millis)
.pio/build/genericSTM32F401CC/libFrameworkArduino.a(WSerial.cpp.o)
                              .pio/build/genericSTM32F401CC/libFrameworkArduino.a(main.cpp.o) (serialEventRun())
.pio/build/genericSTM32F401CC/libFrameworkArduino.a(board.c.o)
                              .pio/build/genericSTM32F401CC/libFrameworkArduino.a(main.cpp.o) (init)
.pio/build/genericSTM32F401CC/libFrameworkArduino.a(hooks.c.o)
                              .pio/build/genericSTM32F401CC/libFrameworkArduino.a(wiring_time.c.o) (yield)
.pio/build/genericSTM32F401CC/libFrameworkArduino.a(pins_arduino.c.o)
                              .pio/build/genericSTM32F401CC/libFrameworkArduino.a(wiring_analog.c.o) (analogInputToPinName)
.pio/build/genericSTM32F401CC/libFrameworkArduino.a(usbd_cdc.c.o)
                              .pio/build/genericSTM32F401CC/libFrameworkArduino.a(usbd_cdc_if.c.o) (USBD_CDC_RegisterInterface)
.pio/build/genericSTM32F401CC/libFrameworkArduino.a(HardwareSerial.cpp.o)
                              .pio/build/genericSTM32F401CC/libFrameworkArduino.a(WSerial.cpp.o) (HardwareSerial::available())
.pio/build/genericSTM32F401CC/libFrameworkArduino.a(Stream.cpp.o)
                              .pio/build/genericSTM32F401CC/libFrameworkArduino.a(HardwareSerial.cpp.o) (Stream::readBytes(char*, unsigned int))
.pio/build/genericSTM32F401CC/libFrameworkArduino.a(WString.cpp.o)
                              .pio/build/genericSTM32F401CC/libFrameworkArduino.a(Stream.cpp.o) (String::String(char const*))
.pio/build/genericSTM32F401CC/libFrameworkArduino.a(dtostrf.c.o)
                              .pio/build/genericSTM32F401CC/libFrameworkArduino.a(WString.cpp.o) (dtostrf)
.pio/build/genericSTM32F401CC/libFrameworkArduino.a(itoa.c.o)
                              .pio/build/genericSTM32F401CC/libFrameworkArduino.a(WString.cpp.o) (ltoa)
[...]
Memory Configuration

Name             Origin             Length             Attributes
*default*        0x00000000         0xffffffff
RAM              0x20000000         0x00010000         xrw
FLASH            0x08000000         0x00040000         xr

Linker script and memory map

                0x20010000                        _estack = (ORIGIN (RAM) + LENGTH (RAM))
                0x00000200                        _Min_Heap_Size = 0x200
                0x00000400                        _Min_Stack_Size = 0x400

.isr_vector     0x08000000      0x194
                0x08000000                        . = ALIGN (0x4)
 *(.isr_vector)
 .isr_vector    0x08000000      0x194 .pio/build/genericSTM32F401CC/libFrameworkArduino.a(startup_stm32yyxx.S.o)
                0x08000000                g_pfnVectors
                0x08000194                        . = ALIGN (0x4)

.text           0x08000194     0x74ec
                0x08000194                        . = ALIGN (0x4)
 *(.text)
 .text          0x08000194       0x30 /home/ayush/.platformio/packages/toolchain-gccarmnoneeabi/bin/../lib/gcc/arm-none-eabi/12.3.1/thumb/v7e-m+fp/hard/libgcc.a(_aeabi_uldivmod.o)
                0x08000194                __aeabi_uldivmod
 .text          0x080001c4        0x4 /home/ayush/.platformio/packages/toolchain-gccarmnoneeabi/bin/../lib/gcc/arm-none-eabi/12.3.1/thumb/v7e-m+fp/hard/libgcc.a(_dvmd_tls.o)
                0x080001c4                __aeabi_ldiv0
                0x080001c4                __aeabi_idiv0
 .text          0x080001c8       0x10 /home/ayush/.platformio/packages/toolchain-gccarmnoneeabi/bin/../lib/gcc/arm-none-eabi/12.3.1/../../../../arm-none-eabi/lib/thumb/v7e-m+fp/hard/libc_nano.a(libc_a-strlen.o)
                0x080001c8                strlen
 *(.text*)
 .text.__do_global_dtors_aux
                0x080001d8       0x24 /home/ayush/.platformio/packages/toolchain-gccarmnoneeabi/bin/../lib/gcc/arm-none-eabi/12.3.1/thumb/v7e-m+fp/hard/crtbegin.o
 .text.frame_dummy
                0x080001fc       0x1c /home/ayush/.platformio/packages/toolchain-gccarmnoneeabi/bin/../lib/gcc/arm-none-eabi/12.3.1/thumb/v7e-m+fp/hard/crtbegin.o
 .text.SystemClock_Config
                0x08000218       0xa0 .pio/build/genericSTM32F401CC/FrameworkArduinoVariant/generic_clock.c.o
                0x08000218                SystemClock_Config
 .text.HAL_MspInit
                0x080002b8        0x2 .pio/build/genericSTM32F401CC/SrcWrapper/src/HAL/stm32yyxx_hal.c.o
                0x080002b8                HAL_MspInit
 *fill*         0x080002ba        0x2 
 .text.HAL_InitTick
                0x080002bc       0x48 .pio/build/genericSTM32F401CC/SrcWrapper/src/HAL/stm32yyxx_hal.c.o
                0x080002bc                HAL_InitTick
 .text.HAL_Init
                0x08000304       0x34 .pio/build/genericSTM32F401CC/SrcWrapper/src/HAL/stm32yyxx_hal.c.o
                0x08000304                HAL_Init
 .text.HAL_IncTick
                0x08000338       0x18 .pio/build/genericSTM32F401CC/SrcWrapper/src/HAL/stm32yyxx_hal.c.o
                0x08000338                HAL_IncTick
 .text.HAL_GetTick
                0x08000350        0xc .pio/build/genericSTM32F401CC/SrcWrapper/src/HAL/stm32yyxx_hal.c.o
                0x08000350                HAL_GetTick
 .text.HAL_Delay
                0x0800035c       0x28 .pio/build/genericSTM32F401CC/SrcWrapper/src/HAL/stm32yyxx_hal.c.o
                0x0800035c                HAL_Delay
 .text.HAL_NVIC_SetPriorityGrouping
                0x08000384       0x24 .pio/build/genericSTM32F401CC/SrcWrapper/src/HAL/stm32yyxx_hal_cortex.c.o
                0x08000384                HAL_NVIC_SetPriorityGrouping
 .text.HAL_NVIC_SetPriority
                0x080003a8       0x64 .pio/build/genericSTM32F401CC/SrcWrapper/src/HAL/stm32yyxx_hal_cortex.c.o
                0x080003a8                HAL_NVIC_SetPriority
 .text.HAL_NVIC_EnableIRQ
                0x0800040c       0x1c .pio/build/genericSTM32F401CC/SrcWrapper/src/HAL/stm32yyxx_hal_cortex.c.o
                0x0800040c                HAL_NVIC_EnableIRQ
 .text.HAL_NVIC_DisableIRQ
                0x08000428       0x24 .pio/build/genericSTM32F401CC/SrcWrapper/src/HAL/stm32yyxx_hal_cortex.c.o
                0x08000428                HAL_NVIC_DisableIRQ
 .text.HAL_SYSTICK_Config
                0x0800044c       0x28 .pio/build/genericSTM32F401CC/SrcWrapper/src/HAL/stm32yyxx_hal_cortex.c.o
                0x0800044c                HAL_SYSTICK_Config
 .text.HAL_NVIC_ClearPendingIRQ
                0x08000474       0x1c .pio/build/genericSTM32F401CC/SrcWrapper/src/HAL/stm32yyxx_hal_cortex.c.o
                0x08000474                HAL_NVIC_ClearPendingIRQ
 .text.HAL_SYSTICK_Callback
                0x08000490        0x2 .pio/build/genericSTM32F401CC/SrcWrapper/src/HAL/stm32yyxx_hal_cortex.c.o
                0x08000490                HAL_SYSTICK_Callback
 .text.HAL_SYSTICK_IRQHandler
                0x08000492        0x8 .pio/build/genericSTM32F401CC/SrcWrapper/src/HAL/stm32yyxx_hal_cortex.c.o
                0x08000492                HAL_SYSTICK_IRQHandler
 .text.HAL_CRC_MspInit
                0x0800049a        0x2 .pio/build/genericSTM32F401CC/SrcWrapper/src/HAL/stm32yyxx_hal_crc.c.o
                0x0800049a                HAL_CRC_MspInit
 .text.HAL_CRC_Init
                0x0800049c       0x20 .pio/build/genericSTM32F401CC/SrcWrapper/src/HAL/stm32yyxx_hal_crc.c.o
                0x0800049c                HAL_CRC_Init
 .text.HAL_DMA_Abort
                0x080004bc       0x7c .pio/build/genericSTM32F401CC/SrcWrapper/src/HAL/stm32yyxx_hal_dma.c.o
                0x080004bc                HAL_DMA_Abort
 .text.HAL_DMA_Abort_IT
                0x08000538       0x24 .pio/build/genericSTM32F401CC/SrcWrapper/src/HAL/stm32yyxx_hal_dma.c.o
                0x08000538                HAL_DMA_Abort_IT
 .text.HAL_GPIO_EXTI_IRQHandler
                0x0800055c       0x18 .pio/build/genericSTM32F401CC/SrcWrapper/src/HAL/stm32yyxx_hal_gpio.c.o
                0x0800055c                HAL_GPIO_EXTI_IRQHandler
 .text.HAL_PCD_Init
                0x08000574       0xde .pio/build/genericSTM32F401CC/SrcWrapper/src/HAL/stm32yyxx_hal_pcd.c.o
                0x08000574                HAL_PCD_Init
 .text.HAL_PCD_Start
                0x08000652       0x3e .pio/build/genericSTM32F401CC/SrcWrapper/src/HAL/stm32yyxx_hal_pcd.c.o
                0x08000652                HAL_PCD_Start
 .text.HAL_PCD_SetAddress
                0x08000690       0x26 .pio/build/genericSTM32F401CC/SrcWrapper/src/HAL/stm32yyxx_hal_pcd.c.o
                0x08000690                HAL_PCD_SetAddress
 .text.HAL_PCD_EP_Open
                0x080006b6       0x6e .pio/build/genericSTM32F401CC/SrcWrapper/src/HAL/stm32yyxx_hal_pcd.c.o
                0x080006b6                HAL_PCD_EP_Open
 .text.HAL_PCD_EP_Close
                0x08000724       0x5c .pio/build/genericSTM32F401CC/SrcWrapper/src/HAL/stm32yyxx_hal_pcd.c.o
                0x08000724                HAL_PCD_EP_Close
 .text.HAL_PCD_EP_Receive
                0x08000780       0x3c .pio/build/genericSTM32F401CC/SrcWrapper/src/HAL/stm32yyxx_hal_pcd.c.o
                0x08000780                HAL_PCD_EP_Receive
 .text.HAL_PCD_EP_GetRxCount
                0x080007bc       0x10 .pio/build/genericSTM32F401CC/SrcWrapper/src/HAL/stm32yyxx_hal_pcd.c.o
                0x080007bc                HAL_PCD_EP_GetRxCount
 .text.HAL_PCD_EP_Transmit
                0x080007cc       0x36 .pio/build/genericSTM32F401CC/SrcWrapper/src/HAL/stm32yyxx_hal_pcd.c.o
                0x080007cc                HAL_PCD_EP_Transmit
 .text.HAL_PCD_EP_SetStall
                0x08000802       0x6e .pio/build/genericSTM32F401CC/SrcWrapper/src/HAL/stm32yyxx_hal_pcd.c.o
                0x08000802                HAL_PCD_EP_SetStall
 .text.HAL_PCD_EP_ClrStall
                0x08000870       0x6a .pio/build/genericSTM32F401CC/SrcWrapper/src/HAL/stm32yyxx_hal_pcd.c.o
                0x08000870                HAL_PCD_EP_ClrStall
 .text.HAL_PCD_EP_Abort
                0x080008da       0x20 .pio/build/genericSTM32F401CC/SrcWrapper/src/HAL/stm32yyxx_hal_pcd.c.o
                0x080008da                HAL_PCD_EP_Abort
 *fill*         0x080008fa        0x2 
 .text.HAL_PCD_IRQHandler
                0x080008fc      0x68c .pio/build/genericSTM32F401CC/SrcWrapper/src/HAL/stm32yyxx_hal_pcd.c.o
                0x080008fc                HAL_PCD_IRQHandler
 .text.HAL_PCDEx_SetTxFiFo
                0x08000f88       0x3e .pio/build/genericSTM32F401CC/SrcWrapper/src/HAL/stm32yyxx_hal_pcd_ex.c.o
                0x08000f88                HAL_PCDEx_SetTxFiFo
 .text.HAL_PCDEx_SetRxFiFo
                0x08000fc6        0x8 .pio/build/genericSTM32F401CC/SrcWrapper/src/HAL/stm32yyxx_hal_pcd_ex.c.o
                0x08000fc6                HAL_PCDEx_SetRxFiFo
 .text.HAL_PCDEx_LPM_Callback
                0x08000fce        0x2 .pio/build/genericSTM32F401CC/SrcWrapper/src/HAL/stm32yyxx_hal_pcd_ex.c.o
                0x08000fce                HAL_PCDEx_LPM_Callback
 .text.HAL_RCC_OscConfig
                0x08000fd0      0x35c .pio/build/genericSTM32F401CC/SrcWrapper/src/HAL/stm32yyxx_hal_rcc.c.o
                0x08000fd0                HAL_RCC_OscConfig
 .text.HAL_RCC_GetSysClockFreq
                0x0800132c       0x5c .pio/build/genericSTM32F401CC/SrcWrapper/src/HAL/stm32yyxx_hal_rcc.c.o
                0x0800132c                HAL_RCC_GetSysClockFreq
 .text.HAL_RCC_ClockConfig
                0x08001388      0x134 .pio/build/genericSTM32F401CC/SrcWrapper/src/HAL/stm32yyxx_hal_rcc.c.o
                0x08001388                HAL_RCC_ClockConfig
 .text.HAL_RCC_GetHCLKFreq
                0x080014bc        0xc .pio/build/genericSTM32F401CC/SrcWrapper/src/HAL/stm32yyxx_hal_rcc.c.o
                0x080014bc                HAL_RCC_GetHCLKFreq
 .text.HAL_RCC_GetPCLK1Freq
                0x080014c8       0x20 .pio/build/genericSTM32F401CC/SrcWrapper/src/HAL/stm32yyxx_hal_rcc.c.o
                0x080014c8                HAL_RCC_GetPCLK1Freq
 .text.HAL_RCC_GetPCLK2Freq
                0x080014e8       0x20 .pio/build/genericSTM32F401CC/SrcWrapper/src/HAL/stm32yyxx_hal_rcc.c.o
                0x080014e8                HAL_RCC_GetPCLK2Freq
 .text.HAL_RCC_GetClockConfig
                0x08001508       0x3c .pio/build/genericSTM32F401CC/SrcWrapper/src/HAL/stm32yyxx_hal_rcc.c.o
                0x08001508                HAL_RCC_GetClockConfig
 .text.HAL_RCCEx_GetPeriphCLKConfig
                0x08001544       0x3c .pio/build/genericSTM32F401CC/SrcWrapper/src/HAL/stm32yyxx_hal_rcc_ex.c.o
                0x08001544                HAL_RCCEx_GetPeriphCLKConfig
 .text.TIM_OC1_SetConfig
                0x08001580       0x50 .pio/build/genericSTM32F401CC/SrcWrapper/src/HAL/stm32yyxx_hal_tim.c.o
 .text.TIM_OC3_SetConfig
                0x080015d0       0x54 .pio/build/genericSTM32F401CC/SrcWrapper/src/HAL/stm32yyxx_hal_tim.c.o
 .text.TIM_OC4_SetConfig
                0x08001624       0x44 .pio/build/genericSTM32F401CC/SrcWrapper/src/HAL/stm32yyxx_hal_tim.c.o
 .text.HAL_TIM_Base_Start
                0x08001668       0x5c .pio/build/genericSTM32F401CC/SrcWrapper/src/HAL/stm32yyxx_hal_tim.c.o
                0x08001668                HAL_TIM_Base_Start
 .text.HAL_TIM_GenerateEvent
                0x080016c4       0x24 .pio/build/genericSTM32F401CC/SrcWrapper/src/HAL/stm32yyxx_hal_tim.c.o
                0x080016c4                HAL_TIM_GenerateEvent
 .text.HAL_TIM_PWM_PulseFinishedCallback
                0x080016e8        0x2 .pio/build/genericSTM32F401CC/SrcWrapper/src/HAL/stm32yyxx_hal_tim.c.o
                0x080016e8                HAL_TIM_PWM_PulseFinishedCallback
 .text.HAL_TIM_TriggerCallback
                0x080016ea        0x2 .pio/build/genericSTM32F401CC/SrcWrapper/src/HAL/stm32yyxx_hal_tim.c.o
                0x080016ea                HAL_TIM_TriggerCallback
 .text.HAL_TIM_IRQHandler
                0x080016ec      0x128 .pio/build/genericSTM32F401CC/SrcWrapper/src/HAL/stm32yyxx_hal_tim.c.o
                0x080016ec                HAL_TIM_IRQHandler
 .text.TIM_Base_SetConfig
                0x08001814       0x88 .pio/build/genericSTM32F401CC/SrcWrapper/src/HAL/stm32yyxx_hal_tim.c.o
                0x08001814                TIM_Base_SetConfig
 .text.HAL_TIM_Base_Init
                0x0800189c       0x58 .pio/build/genericSTM32F401CC/SrcWrapper/src/HAL/stm32yyxx_hal_tim.c.o
                0x0800189c                HAL_TIM_Base_Init
 .text.TIM_OC2_SetConfig
                0x080018f4       0x58 .pio/build/genericSTM32F401CC/SrcWrapper/src/HAL/stm32yyxx_hal_tim.c.o
                0x080018f4                TIM_OC2_SetConfig
 .text.HAL_TIM_OC_ConfigChannel
                0x0800194c       0x4c .pio/build/genericSTM32F401CC/SrcWrapper/src/HAL/stm32yyxx_hal_tim.c.o
                0x0800194c                HAL_TIM_OC_ConfigChannel
 .text.HAL_TIM_PWM_ConfigChannel
                0x08001998       0xb0 .pio/build/genericSTM32F401CC/SrcWrapper/src/HAL/stm32yyxx_hal_tim.c.o
                0x08001998                HAL_TIM_PWM_ConfigChannel
 .text.TIM_TI1_SetConfig
                0x08001a48       0x64 .pio/build/genericSTM32F401CC/SrcWrapper/src/HAL/stm32yyxx_hal_tim.c.o
                0x08001a48                TIM_TI1_SetConfig
 .text.HAL_TIM_IC_ConfigChannel
                0x08001aac      0x126 .pio/build/genericSTM32F401CC/SrcWrapper/src/HAL/stm32yyxx_hal_tim.c.o
                0x08001aac                HAL_TIM_IC_ConfigChannel
 .text.TIM_CCxChannelCmd
                0x08001bd2       0x1c .pio/build/genericSTM32F401CC/SrcWrapper/src/HAL/stm32yyxx_hal_tim.c.o
                0x08001bd2                TIM_CCxChannelCmd
 *fill*         0x08001bee        0x2 
 .text.HAL_TIM_OC_Start
                0x08001bf0       0xa8 .pio/build/genericSTM32F401CC/SrcWrapper/src/HAL/stm32yyxx_hal_tim.c.o
                0x08001bf0                HAL_TIM_OC_Start
 .text.HAL_TIM_PWM_Start
                0x08001c98        0x4 .pio/build/genericSTM32F401CC/SrcWrapper/src/HAL/stm32yyxx_hal_tim.c.o
                0x08001c98                HAL_TIM_PWM_Start
 .text.HAL_TIM_IC_Start
                0x08001c9c       0xe0 .pio/build/genericSTM32F401CC/SrcWrapper/src/HAL/stm32yyxx_hal_tim.c.o
                0x08001c9c                HAL_TIM_IC_Start
 .text.TIM_CCxNChannelCmd
                0x08001d7c       0x1c .pio/build/genericSTM32F401CC/SrcWrapper/src/HAL/stm32yyxx_hal_tim_ex.c.o
 .text.HAL_TIMEx_OCN_Start
                0x08001d98       0xa4 .pio/build/genericSTM32F401CC/SrcWrapper/src/HAL/stm32yyxx_hal_tim_ex.c.o
                0x08001d98                HAL_TIMEx_OCN_Start
 .text.HAL_TIMEx_PWMN_Start
                0x08001e3c        0x4 .pio/build/genericSTM32F401CC/SrcWrapper/src/HAL/stm32yyxx_hal_tim_ex.c.o
                0x08001e3c                HAL_TIMEx_PWMN_Start
 .text.HAL_TIMEx_CommutCallback
                0x08001e40        0x2 .pio/build/genericSTM32F401CC/SrcWrapper/src/HAL/stm32yyxx_hal_tim_ex.c.o
                0x08001e40                HAL_TIMEx_CommutCallback
 .text.HAL_TIMEx_BreakCallback
                0x08001e42        0x2 .pio/build/genericSTM32F401CC/SrcWrapper/src/HAL/stm32yyxx_hal_tim_ex.c.o
                0x08001e42                HAL_TIMEx_BreakCallback
 .text.UART_EndRxTransfer
                0x08001e44       0x5c .pio/build/genericSTM32F401CC/SrcWrapper/src/HAL/stm32yyxx_hal_uart.c.o
 .text.HAL_UART_Transmit_IT
                0x08001ea0       0x32 .pio/build/genericSTM32F401CC/SrcWrapper/src/HAL/stm32yyxx_hal_uart.c.o
                0x08001ea0                HAL_UART_Transmit_IT
 .text.UART_DMAAbortOnError
                0x08001ed2       0x10 .pio/build/genericSTM32F401CC/SrcWrapper/src/HAL/stm32yyxx_hal_uart.c.o
 .text.HAL_UARTEx_RxEventCallback
                0x08001ee2        0x2 .pio/build/genericSTM32F401CC/SrcWrapper/src/HAL/stm32yyxx_hal_uart.c.o
                0x08001ee2                HAL_UARTEx_RxEventCallback
 .text.UART_Receive_IT.isra.0
                0x08001ee4       0xb6 .pio/build/genericSTM32F401CC/SrcWrapper/src/HAL/stm32yyxx_hal_uart.c.o
 *fill*         0x08001f9a        0x2 
 .text.HAL_UART_IRQHandler
                0x08001f9c      0x2dc .pio/build/genericSTM32F401CC/SrcWrapper/src/HAL/stm32yyxx_hal_uart.c.o
                0x08001f9c                HAL_UART_IRQHandler
 .text.HAL_HalfDuplex_EnableTransmitter
                0x08002278       0x30 .pio/build/genericSTM32F401CC/SrcWrapper/src/HAL/stm32yyxx_hal_uart.c.o
                0x08002278                HAL_HalfDuplex_EnableTransmitter
 .text.HAL_HalfDuplex_EnableReceiver
                0x080022a8       0x30 .pio/build/genericSTM32F401CC/SrcWrapper/src/HAL/stm32yyxx_hal_uart.c.o
                0x080022a8                HAL_HalfDuplex_EnableReceiver
 .text.HAL_UART_GetState
                0x080022d8        0xc .pio/build/genericSTM32F401CC/SrcWrapper/src/HAL/stm32yyxx_hal_uart.c.o
                0x080022d8                HAL_UART_GetState
 .text.UART_Start_Receive_IT
                0x080022e4       0x32 .pio/build/genericSTM32F401CC/SrcWrapper/src/HAL/stm32yyxx_hal_uart.c.o
                0x080022e4                UART_Start_Receive_IT
 .text.HAL_UART_Receive_IT
                0x08002316       0x22 .pio/build/genericSTM32F401CC/SrcWrapper/src/HAL/stm32yyxx_hal_uart.c.o
                0x08002316                HAL_UART_Receive_IT
 .text._ZNSt8functionIFvvEEaSEDn.isra.0
                0x08002338       0x16 .pio/build/genericSTM32F401CC/SrcWrapper/src/HardwareTimer.cpp.o
 .text._ZNSt14_Function_baseD2Ev
                0x0800234e       0x12 .pio/build/genericSTM32F401CC/SrcWrapper/src/HardwareTimer.cpp.o
                0x0800234e                std::_Function_base::~_Function_base()
                0x0800234e                std::_Function_base::~_Function_base()
 .text._ZN13HardwareTimer10getChannelEm
                0x08002360       0x10 .pio/build/genericSTM32F401CC/SrcWrapper/src/HardwareTimer.cpp.o
                0x08002360                HardwareTimer::getChannel(unsigned long)
 .text._ZN13HardwareTimer12getLLChannelEm
                0x08002370       0x28 .pio/build/genericSTM32F401CC/SrcWrapper/src/HardwareTimer.cpp.o
                0x08002370                HardwareTimer::getLLChannel(unsigned long)
 .text._ZN13HardwareTimer5getITEm
                0x08002398       0x14 .pio/build/genericSTM32F401CC/SrcWrapper/src/HardwareTimer.cpp.o
                0x08002398                HardwareTimer::getIT(unsigned long)
 .text._ZN13HardwareTimer20getAssociatedChannelEm
                0x080023ac       0x14 .pio/build/genericSTM32F401CC/SrcWrapper/src/HardwareTimer.cpp.o
                0x080023ac                HardwareTimer::getAssociatedChannel(unsigned long)
 .text._ZN13HardwareTimer13resumeChannelEm
                0x080023c0       0xf4 .pio/build/genericSTM32F401CC/SrcWrapper/src/HardwareTimer.cpp.o
                0x080023c0                HardwareTimer::resumeChannel(unsigned long)
 .text._ZN13HardwareTimer6resumeEv
                0x080024b4       0x42 .pio/build/genericSTM32F401CC/SrcWrapper/src/HardwareTimer.cpp.o
                0x080024b4                HardwareTimer::resume()
 *fill*         0x080024f6        0x2 
 .text._ZN13HardwareTimer7setModeEm12TimerModes_t7PinName20ChannelInputFilter_t
                0x080024f8      0x154 .pio/build/genericSTM32F401CC/SrcWrapper/src/HardwareTimer.cpp.o
                0x080024f8                HardwareTimer::setMode(unsigned long, TimerModes_t, PinName, ChannelInputFilter_t)
 .text._ZN13HardwareTimer7getModeEm
                0x0800264c       0x10 .pio/build/genericSTM32F401CC/SrcWrapper/src/HardwareTimer.cpp.o
                0x0800264c                HardwareTimer::getMode(unsigned long)
 .text._ZN13HardwareTimer7refreshEv
                0x0800265c        0x8 .pio/build/genericSTM32F401CC/SrcWrapper/src/HardwareTimer.cpp.o
                0x0800265c                HardwareTimer::refresh()
 .text._ZN13HardwareTimer9isRunningEv
                0x08002664        0xa .pio/build/genericSTM32F401CC/SrcWrapper/src/HardwareTimer.cpp.o
                0x08002664                HardwareTimer::isRunning()
 .text._ZN13HardwareTimer27updateRegistersIfNotRunningEP11TIM_TypeDef
                0x0800266e       0x3a .pio/build/genericSTM32F401CC/SrcWrapper/src/HardwareTimer.cpp.o
                0x0800266e                HardwareTimer::updateRegistersIfNotRunning(TIM_TypeDef*)
 .text._Z15get_timer_indexP11TIM_TypeDef
                0x080026a8       0x68 .pio/build/genericSTM32F401CC/SrcWrapper/src/HardwareTimer.cpp.o
                0x080026a8                get_timer_index(TIM_TypeDef*)
 .text._ZN13HardwareTimerD2Ev
                0x08002710       0x40 .pio/build/genericSTM32F401CC/SrcWrapper/src/HardwareTimer.cpp.o
                0x08002710                HardwareTimer::~HardwareTimer()
                0x08002710                HardwareTimer::~HardwareTimer()
 .text._ZN13HardwareTimer5setupEP11TIM_TypeDef
                0x08002750       0x90 .pio/build/genericSTM32F401CC/SrcWrapper/src/HardwareTimer.cpp.o
                0x08002750                HardwareTimer::setup(TIM_TypeDef*)
 .text._ZN13HardwareTimer15getTimerClkFreqEv
                0x080027e0       0x8a .pio/build/genericSTM32F401CC/SrcWrapper/src/HardwareTimer.cpp.o
                0x080027e0                HardwareTimer::getTimerClkFreq()
 *fill*         0x0800286a        0x2 
 .text._ZN13HardwareTimer11setOverflowEm13TimerFormat_t
                0x0800286c       0x4c .pio/build/genericSTM32F401CC/SrcWrapper/src/HardwareTimer.cpp.o
                0x0800286c                HardwareTimer::setOverflow(unsigned long, TimerFormat_t)
 .text._ZN13HardwareTimer17setCaptureCompareEmm20TimerCompareFormat_t
                0x080028b8       0xa4 .pio/build/genericSTM32F401CC/SrcWrapper/src/HardwareTimer.cpp.o
                0x080028b8                HardwareTimer::setCaptureCompare(unsigned long, unsigned long, TimerCompareFormat_t)
 .text.TIM1_UP_TIM10_IRQHandler
                0x0800295c       0x24 .pio/build/genericSTM32F401CC/SrcWrapper/src/HardwareTimer.cpp.o
                0x0800295c                TIM1_UP_TIM10_IRQHandler
 .text.TIM1_CC_IRQHandler
                0x08002980       0x14 .pio/build/genericSTM32F401CC/SrcWrapper/src/HardwareTimer.cpp.o
                0x08002980                TIM1_CC_IRQHandler
 .text.TIM2_IRQHandler
                0x08002994       0x14 .pio/build/genericSTM32F401CC/SrcWrapper/src/HardwareTimer.cpp.o
                0x08002994                TIM2_IRQHandler
 .text.TIM3_IRQHandler
                0x080029a8       0x14 .pio/build/genericSTM32F401CC/SrcWrapper/src/HardwareTimer.cpp.o
                0x080029a8                TIM3_IRQHandler
 .text.TIM4_IRQHandler
                0x080029bc       0x14 .pio/build/genericSTM32F401CC/SrcWrapper/src/HardwareTimer.cpp.o
                0x080029bc                TIM4_IRQHandler
 .text.TIM5_IRQHandler
                0x080029d0       0x14 .pio/build/genericSTM32F401CC/SrcWrapper/src/HardwareTimer.cpp.o
                0x080029d0                TIM5_IRQHandler
 .text.TIM1_BRK_TIM9_IRQHandler
                0x080029e4       0x14 .pio/build/genericSTM32F401CC/SrcWrapper/src/HardwareTimer.cpp.o
                0x080029e4                TIM1_BRK_TIM9_IRQHandler
 .text.TIM1_TRG_COM_TIM11_IRQHandler
                0x080029f8       0x14 .pio/build/genericSTM32F401CC/SrcWrapper/src/HardwareTimer.cpp.o
                0x080029f8                TIM1_TRG_COM_TIM11_IRQHandler
 .text._ZNSt8functionIFvvEEC2Ev
                0x08002a0c        0xc .pio/build/genericSTM32F401CC/SrcWrapper/src/HardwareTimer.cpp.o
                0x08002a0c                std::function<void ()>::function()
                0x08002a0c                std::function<void ()>::function()
 .text._ZN13HardwareTimerC2EP11TIM_TypeDef
                0x08002a18       0x2a .pio/build/genericSTM32F401CC/SrcWrapper/src/HardwareTimer.cpp.o
                0x08002a18                HardwareTimer::HardwareTimer(TIM_TypeDef*)
                0x08002a18                HardwareTimer::HardwareTimer(TIM_TypeDef*)
 .text._ZNKSt8functionIFvvEEclEv
                0x08002a42       0x12 .pio/build/genericSTM32F401CC/SrcWrapper/src/HardwareTimer.cpp.o
                0x08002a42                std::function<void ()>::operator()() const
 .text._ZN13HardwareTimer14updateCallbackEP17TIM_HandleTypeDef
                0x08002a54       0x18 .pio/build/genericSTM32F401CC/SrcWrapper/src/HardwareTimer.cpp.o
                0x08002a54                HardwareTimer::updateCallback(TIM_HandleTypeDef*)
 .text.HAL_TIM_PeriodElapsedCallback
                0x08002a6c        0x4 .pio/build/genericSTM32F401CC/SrcWrapper/src/HardwareTimer.cpp.o
                0x08002a6c                HAL_TIM_PeriodElapsedCallback
 .text._ZN13HardwareTimer22captureCompareCallbackEP17TIM_HandleTypeDef
                0x08002a70       0x3e .pio/build/genericSTM32F401CC/SrcWrapper/src/HardwareTimer.cpp.o
                0x08002a70                HardwareTimer::captureCompareCallback(TIM_HandleTypeDef*)
 .text.HAL_TIM_OC_DelayElapsedCallback
                0x08002aae        0x4 .pio/build/genericSTM32F401CC/SrcWrapper/src/HardwareTimer.cpp.o
                0x08002aae                HAL_TIM_OC_DelayElapsedCallback
 .text.HAL_TIM_IC_CaptureCallback
                0x08002ab2        0x4 .pio/build/genericSTM32F401CC/SrcWrapper/src/HardwareTimer.cpp.o
                0x08002ab2                HAL_TIM_IC_CaptureCallback
 .text.USB_CoreReset
                0x08002ab6       0x46 .pio/build/genericSTM32F401CC/SrcWrapper/src/LL/stm32yyxx_ll_usb.c.o
 .text.USB_CoreInit
                0x08002afc       0x88 .pio/build/genericSTM32F401CC/SrcWrapper/src/LL/stm32yyxx_ll_usb.c.o
                0x08002afc                USB_CoreInit
 .text.USB_SetTurnaroundTime
                0x08002b84       0xe0 .pio/build/genericSTM32F401CC/SrcWrapper/src/LL/stm32yyxx_ll_usb.c.o
                0x08002b84                USB_SetTurnaroundTime
 .text.USB_EnableGlobalInt
                0x08002c64        0xc .pio/build/genericSTM32F401CC/SrcWrapper/src/LL/stm32yyxx_ll_usb.c.o
                0x08002c64                USB_EnableGlobalInt
 .text.USB_DisableGlobalInt
                0x08002c70        0xc .pio/build/genericSTM32F401CC/SrcWrapper/src/LL/stm32yyxx_ll_usb.c.o
                0x08002c70                USB_DisableGlobalInt
 .text.USB_SetCurrentMode
                0x08002c7c       0x60 .pio/build/genericSTM32F401CC/SrcWrapper/src/LL/stm32yyxx_ll_usb.c.o
                0x08002c7c                USB_SetCurrentMode
 .text.USB_FlushTxFifo
                0x08002cdc       0x46 .pio/build/genericSTM32F401CC/SrcWrapper/src/LL/stm32yyxx_ll_usb.c.o
                0x08002cdc                USB_FlushTxFifo
 .text.USB_FlushRxFifo
                0x08002d22       0x42 .pio/build/genericSTM32F401CC/SrcWrapper/src/LL/stm32yyxx_ll_usb.c.o
                0x08002d22                USB_FlushRxFifo
 .text.USB_SetDevSpeed
                0x08002d64        0xe .pio/build/genericSTM32F401CC/SrcWrapper/src/LL/stm32yyxx_ll_usb.c.o
                0x08002d64                USB_SetDevSpeed
 *fill*         0x08002d72        0x2 
 .text.USB_DevInit
                0x08002d74      0x188 .pio/build/genericSTM32F401CC/SrcWrapper/src/LL/stm32yyxx_ll_usb.c.o
                0x08002d74                USB_DevInit
 .text.USB_GetDevSpeed
                0x08002efc       0x16 .pio/build/genericSTM32F401CC/SrcWrapper/src/LL/stm32yyxx_ll_usb.c.o
                0x08002efc                USB_GetDevSpeed
 .text.USB_ActivateEndpoint
                0x08002f12       0x7e .pio/build/genericSTM32F401CC/SrcWrapper/src/LL/stm32yyxx_ll_usb.c.o
                0x08002f12                USB_ActivateEndpoint
 .text.USB_DeactivateEndpoint
                0x08002f90       0xac .pio/build/genericSTM32F401CC/SrcWrapper/src/LL/stm32yyxx_ll_usb.c.o
                0x08002f90                USB_DeactivateEndpoint
 .text.USB_EPStopXfer
                0x0800303c       0x84 .pio/build/genericSTM32F401CC/SrcWrapper/src/LL/stm32yyxx_ll_usb.c.o
                0x0800303c                USB_EPStopXfer
 .text.USB_WritePacket
                0x080030c0       0x26 .pio/build/genericSTM32F401CC/SrcWrapper/src/LL/stm32yyxx_ll_usb.c.o
                0x080030c0                USB_WritePacket
 *fill*         0x080030e6        0x2 
 .text.USB_EPStartXfer
                0x080030e8      0x1c8 .pio/build/genericSTM32F401CC/SrcWrapper/src/LL/stm32yyxx_ll_usb.c.o
                0x080030e8                USB_EPStartXfer
 .text.USB_ReadPacket
                0x080032b0       0x40 .pio/build/genericSTM32F401CC/SrcWrapper/src/LL/stm32yyxx_ll_usb.c.o
                0x080032b0                USB_ReadPacket
 .text.USB_EPSetStall
                0x080032f0       0x56 .pio/build/genericSTM32F401CC/SrcWrapper/src/LL/stm32yyxx_ll_usb.c.o
                0x080032f0                USB_EPSetStall
 .text.USB_EPClearStall
                0x08003346       0x52 .pio/build/genericSTM32F401CC/SrcWrapper/src/LL/stm32yyxx_ll_usb.c.o
                0x08003346                USB_EPClearStall
 .text.USB_SetDevAddress
                0x08003398       0x20 .pio/build/genericSTM32F401CC/SrcWrapper/src/LL/stm32yyxx_ll_usb.c.o
                0x08003398                USB_SetDevAddress
 .text.USB_DevConnect
                0x080033b8       0x1c .pio/build/genericSTM32F401CC/SrcWrapper/src/LL/stm32yyxx_ll_usb.c.o
                0x080033b8                USB_DevConnect
 .text.USB_DevDisconnect
                0x080033d4       0x1c .pio/build/genericSTM32F401CC/SrcWrapper/src/LL/stm32yyxx_ll_usb.c.o
                0x080033d4                USB_DevDisconnect
 .text.USB_ReadInterrupts
                0x080033f0        0x8 .pio/build/genericSTM32F401CC/SrcWrapper/src/LL/stm32yyxx_ll_usb.c.o
                0x080033f0                USB_ReadInterrupts
 .text.USB_ReadDevAllOutEpInterrupt
                0x080033f8       0x10 .pio/build/genericSTM32F401CC/SrcWrapper/src/LL/stm32yyxx_ll_usb.c.o
                0x080033f8                USB_ReadDevAllOutEpInterrupt
 .text.USB_ReadDevAllInEpInterrupt
                0x08003408       0x10 .pio/build/genericSTM32F401CC/SrcWrapper/src/LL/stm32yyxx_ll_usb.c.o
                0x08003408                USB_ReadDevAllInEpInterrupt
 .text.USB_ReadDevOutEPInterrupt
                0x08003418       0x12 .pio/build/genericSTM32F401CC/SrcWrapper/src/LL/stm32yyxx_ll_usb.c.o
                0x08003418                USB_ReadDevOutEPInterrupt
 .text.USB_ReadDevInEPInterrupt
                0x0800342a       0x22 .pio/build/genericSTM32F401CC/SrcWrapper/src/LL/stm32yyxx_ll_usb.c.o
                0x0800342a                USB_ReadDevInEPInterrupt
 .text.USB_GetMode
                0x0800344c        0x8 .pio/build/genericSTM32F401CC/SrcWrapper/src/LL/stm32yyxx_ll_usb.c.o
                0x0800344c                USB_GetMode
 .text.USB_ActivateSetup
                0x08003454       0x20 .pio/build/genericSTM32F401CC/SrcWrapper/src/LL/stm32yyxx_ll_usb.c.o
                0x08003454                USB_ActivateSetup
 .text.USB_EP0_OutStart
                0x08003474       0x4c .pio/build/genericSTM32F401CC/SrcWrapper/src/LL/stm32yyxx_ll_usb.c.o
                0x08003474                USB_EP0_OutStart
 .text._Znwj    0x080034c0        0x4 .pio/build/genericSTM32F401CC/SrcWrapper/src/new.cpp.o
                0x080034c0                operator new(unsigned int)
 .text._ZdlPvj  0x080034c4        0x4 .pio/build/genericSTM32F401CC/SrcWrapper/src/new.cpp.o
                0x080034c4                operator delete(void*, unsigned int)
 .text.set_GPIO_Port_Clock
                0x080034c8       0xd0 .pio/build/genericSTM32F401CC/SrcWrapper/src/stm32/PortNames.c.o
                0x080034c8                set_GPIO_Port_Clock
 .text.pwm_start
                0x08003598       0xa4 .pio/build/genericSTM32F401CC/SrcWrapper/src/stm32/analog.cpp.o
                0x08003598                pwm_start
 .text.pwm_stop
                0x0800363c       0x5c .pio/build/genericSTM32F401CC/SrcWrapper/src/stm32/analog.cpp.o
                0x0800363c                pwm_stop
 .text.getCurrentMillis
                0x08003698        0x4 .pio/build/genericSTM32F401CC/SrcWrapper/src/stm32/clock.c.o
                0x08003698                getCurrentMillis
 .text.noOsSystickHandler
                0x0800369c        0x2 .pio/build/genericSTM32F401CC/SrcWrapper/src/stm32/clock.c.o
                0x0800369c                noOsSystickHandler
                0x0800369c                osSystickHandler
 .text.SysTick_Handler
                0x0800369e       0x10 .pio/build/genericSTM32F401CC/SrcWrapper/src/stm32/clock.c.o
                0x0800369e                SysTick_Handler
 .text.configHSECapacitorTuning
                0x080036ae        0x2 .pio/build/genericSTM32F401CC/SrcWrapper/src/stm32/clock.c.o
                0x080036ae                configHSECapacitorTuning
 .text.configIPClock
                0x080036b0       0x4c .pio/build/genericSTM32F401CC/SrcWrapper/src/stm32/clock.c.o
                0x080036b0                configIPClock
 .text.dwt_init
                0x080036fc       0x3c .pio/build/genericSTM32F401CC/SrcWrapper/src/stm32/dwt.c.o
                0x080036fc                dwt_init
 .text.hw_config_init
                0x08003738       0x28 .pio/build/genericSTM32F401CC/SrcWrapper/src/stm32/hw_config.c.o
                0x08003738                hw_config_init
 .text.startup._ZNSt8functionIFvvEEC2EDn.constprop.0.isra.0
                0x08003760        0xc .pio/build/genericSTM32F401CC/SrcWrapper/src/stm32/interrupt.cpp.o
 .text.HAL_GPIO_EXTI_Callback
                0x0800376c       0x2c .pio/build/genericSTM32F401CC/SrcWrapper/src/stm32/interrupt.cpp.o
                0x0800376c                HAL_GPIO_EXTI_Callback
 .text.EXTI0_IRQHandler
                0x08003798        0x6 .pio/build/genericSTM32F401CC/SrcWrapper/src/stm32/interrupt.cpp.o
                0x08003798                EXTI0_IRQHandler
 .text.EXTI1_IRQHandler
                0x0800379e        0x6 .pio/build/genericSTM32F401CC/SrcWrapper/src/stm32/interrupt.cpp.o
                0x0800379e                EXTI1_IRQHandler
 .text.EXTI2_IRQHandler
                0x080037a4        0x6 .pio/build/genericSTM32F401CC/SrcWrapper/src/stm32/interrupt.cpp.o
                0x080037a4                EXTI2_IRQHandler
 .text.EXTI3_IRQHandler
                0x080037aa        0x6 .pio/build/genericSTM32F401CC/SrcWrapper/src/stm32/interrupt.cpp.o
                0x080037aa                EXTI3_IRQHandler
 .text.EXTI4_IRQHandler
                0x080037b0        0x6 .pio/build/genericSTM32F401CC/SrcWrapper/src/stm32/interrupt.cpp.o
                0x080037b0                EXTI4_IRQHandler
 .text.EXTI9_5_IRQHandler
                0x080037b6       0x16 .pio/build/genericSTM32F401CC/SrcWrapper/src/stm32/interrupt.cpp.o
                0x080037b6                EXTI9_5_IRQHandler
 .text.EXTI15_10_IRQHandler
                0x080037cc       0x18 .pio/build/genericSTM32F401CC/SrcWrapper/src/stm32/interrupt.cpp.o
                0x080037cc                EXTI15_10_IRQHandler
 .text.startup._GLOBAL__sub_I__Z22stm32_interrupt_enableP12GPIO_TypeDeftSt8functionIFvvEEm
                0x080037e4       0xd8 .pio/build/genericSTM32F401CC/SrcWrapper/src/stm32/interrupt.cpp.o
 .text.exit._GLOBAL__sub_D__Z22stm32_interrupt_enableP12GPIO_TypeDeftSt8functionIFvvEEm
                0x080038bc       0x1c .pio/build/genericSTM32F401CC/SrcWrapper/src/stm32/interrupt.cpp.o
 .text.LL_GPIO_SetPinPull
                0x080038d8       0x2a .pio/build/genericSTM32F401CC/SrcWrapper/src/stm32/pinmap.c.o
 .text.pin_in_pinmap
                0x08003902       0x1e .pio/build/genericSTM32F401CC/SrcWrapper/src/stm32/pinmap.c.o
                0x08003902                pin_in_pinmap
 .text.pin_function
                0x08003920      0x11c .pio/build/genericSTM32F401CC/SrcWrapper/src/stm32/pinmap.c.o
                0x08003920                pin_function
 .text.pinmap_pinout
                0x08003a3c       0x1a .pio/build/genericSTM32F401CC/SrcWrapper/src/stm32/pinmap.c.o
                0x08003a3c                pinmap_pinout
 .text.pinmap_find_peripheral
                0x08003a56       0x16 .pio/build/genericSTM32F401CC/SrcWrapper/src/stm32/pinmap.c.o
                0x08003a56                pinmap_find_peripheral
 .text.pinmap_peripheral
                0x08003a6c        0xc .pio/build/genericSTM32F401CC/SrcWrapper/src/stm32/pinmap.c.o
                0x08003a6c                pinmap_peripheral
 .text.pinmap_find_pin
                0x08003a78       0x16 .pio/build/genericSTM32F401CC/SrcWrapper/src/stm32/pinmap.c.o
                0x08003a78                pinmap_find_pin
 .text.pinmap_pin
                0x08003a8e        0xc .pio/build/genericSTM32F401CC/SrcWrapper/src/stm32/pinmap.c.o
                0x08003a8e                pinmap_pin
 .text.pinmap_find_function
                0x08003a9a       0x16 .pio/build/genericSTM32F401CC/SrcWrapper/src/stm32/pinmap.c.o
                0x08003a9a                pinmap_find_function
 .text.pinmap_function
                0x08003ab0        0xa .pio/build/genericSTM32F401CC/SrcWrapper/src/stm32/pinmap.c.o
                0x08003ab0                pinmap_function
 *fill*         0x08003aba        0x2 
 .text.SystemInit
                0x08003abc       0x50 .pio/build/genericSTM32F401CC/SrcWrapper/src/stm32/system_stm32yyxx.c.o
                0x08003abc                SystemInit
 .text.get_timer_obj
                0x08003b0c        0x4 .pio/build/genericSTM32F401CC/SrcWrapper/src/stm32/timer.c.o
                0x08003b0c                get_timer_obj
 .text.enableTimerClock
                0x08003b10      0x128 .pio/build/genericSTM32F401CC/SrcWrapper/src/stm32/timer.c.o
                0x08003b10                enableTimerClock
 .text.disableTimerClock
                0x08003c38       0xb4 .pio/build/genericSTM32F401CC/SrcWrapper/src/stm32/timer.c.o
                0x08003c38                disableTimerClock
 .text.getTimerUpIrq
                0x08003cec       0x74 .pio/build/genericSTM32F401CC/SrcWrapper/src/stm32/timer.c.o
                0x08003cec                getTimerUpIrq
 .text.getTimerCCIrq
                0x08003d60       0x78 .pio/build/genericSTM32F401CC/SrcWrapper/src/stm32/timer.c.o
                0x08003d60                getTimerCCIrq
 .text.HAL_TIM_Base_MspInit
                0x08003dd8       0x4e .pio/build/genericSTM32F401CC/SrcWrapper/src/stm32/timer.c.o
                0x08003dd8                HAL_TIM_Base_MspInit
 *fill*         0x08003e26        0x2 
 .text.getTimerClkSrc
                0x08003e28       0x54 .pio/build/genericSTM32F401CC/SrcWrapper/src/stm32/timer.c.o
                0x08003e28                getTimerClkSrc
 .text.getTimerChannel
                0x08003e7c       0x20 .pio/build/genericSTM32F401CC/SrcWrapper/src/stm32/timer.c.o
                0x08003e7c                getTimerChannel
 .text.serial_rx_active
                0x08003e9c       0x24 .pio/build/genericSTM32F401CC/SrcWrapper/src/stm32/uart.c.o
                0x08003e9c                serial_rx_active
 .text.serial_tx_active
                0x08003ec0       0x24 .pio/build/genericSTM32F401CC/SrcWrapper/src/stm32/uart.c.o
                0x08003ec0                serial_tx_active
 .text.uart_attach_tx_callback
                0x08003ee4       0x40 .pio/build/genericSTM32F401CC/SrcWrapper/src/stm32/uart.c.o
                0x08003ee4                uart_attach_tx_callback
 .text.uart_enable_tx
                0x08003f24       0x1c .pio/build/genericSTM32F401CC/SrcWrapper/src/stm32/uart.c.o
                0x08003f24                uart_enable_tx
 .text.uart_enable_rx
                0x08003f40       0x1c .pio/build/genericSTM32F401CC/SrcWrapper/src/stm32/uart.c.o
                0x08003f40                uart_enable_rx
 .text.HAL_UART_RxCpltCallback
                0x08003f5c        0x6 .pio/build/genericSTM32F401CC/SrcWrapper/src/stm32/uart.c.o
                0x08003f5c                HAL_UART_RxCpltCallback
 .text.HAL_UART_TxCpltCallback
                0x08003f62        0x6 .pio/build/genericSTM32F401CC/SrcWrapper/src/stm32/uart.c.o
                0x08003f62                HAL_UART_TxCpltCallback
 .text.HAL_UART_ErrorCallback
                0x08003f68       0x7c .pio/build/genericSTM32F401CC/SrcWrapper/src/stm32/uart.c.o
                0x08003f68                HAL_UART_ErrorCallback
 .text.USART1_IRQHandler
                0x08003fe4       0x18 .pio/build/genericSTM32F401CC/SrcWrapper/src/stm32/uart.c.o
                0x08003fe4                USART1_IRQHandler
 .text.USART2_IRQHandler
                0x08003ffc       0x1c .pio/build/genericSTM32F401CC/SrcWrapper/src/stm32/uart.c.o
                0x08003ffc                USART2_IRQHandler
 .text.USART6_IRQHandler
                0x08004018       0x18 .pio/build/genericSTM32F401CC/SrcWrapper/src/stm32/uart.c.o
                0x08004018                USART6_IRQHandler
 .text._sbrk    0x08004030       0x3c .pio/build/genericSTM32F401CC/SrcWrapper/src/syscalls.c.o
                0x08004030                _sbrk
 .text._exit    0x0800406c        0x2 .pio/build/genericSTM32F401CC/SrcWrapper/src/syscalls.c.o
                0x0800406c                _exit
 *fill*         0x0800406e        0x2 
 .text._kill    0x08004070       0x10 .pio/build/genericSTM32F401CC/SrcWrapper/src/syscalls.c.o
                0x08004070                _kill
 .text._getpid  0x08004080        0x4 .pio/build/genericSTM32F401CC/SrcWrapper/src/syscalls.c.o
                0x08004080                _getpid
 .text._ZNK8std_msgs4Time9serializeEPh
                0x08004084       0x28 .pio/build/genericSTM32F401CC/src/main.cpp.o
                0x08004084                std_msgs::Time::serialize(unsigned char*) const
 .text._ZN8std_msgs4Time11deserializeEPh
                0x080040ac       0x3c .pio/build/genericSTM32F401CC/src/main.cpp.o
                0x080040ac                std_msgs::Time::deserialize(unsigned char*)
 .text._ZN8std_msgs4Time7getTypeEv
                0x080040e8        0x8 .pio/build/genericSTM32F401CC/src/main.cpp.o
                0x080040e8                std_msgs::Time::getType()
 .text._ZN8std_msgs4Time6getMD5Ev
                0x080040f0        0x8 .pio/build/genericSTM32F401CC/src/main.cpp.o
                0x080040f0                std_msgs::Time::getMD5()
 .text._ZN14rosserial_msgs9TopicInfo7getTypeEv
                0x080040f8        0x8 .pio/build/genericSTM32F401CC/src/main.cpp.o
                0x080040f8                rosserial_msgs::TopicInfo::getType()
 .text._ZN14rosserial_msgs9TopicInfo6getMD5Ev
                0x08004100        0x8 .pio/build/genericSTM32F401CC/src/main.cpp.o
                0x08004100                rosserial_msgs::TopicInfo::getMD5()
 .text._ZN14rosserial_msgs3Log7getTypeEv
                0x08004108        0x8 .pio/build/genericSTM32F401CC/src/main.cpp.o
                0x08004108                rosserial_msgs::Log::getType()
 .text._ZN14rosserial_msgs3Log6getMD5Ev
                0x08004110        0x8 .pio/build/genericSTM32F401CC/src/main.cpp.o
                0x08004110                rosserial_msgs::Log::getMD5()
 .text._ZN14rosserial_msgs20RequestParamResponse7getTypeEv
                0x08004118        0x8 .pio/build/genericSTM32F401CC/src/main.cpp.o
                0x08004118                rosserial_msgs::RequestParamResponse::getType()
 .text._ZN14rosserial_msgs20RequestParamResponse6getMD5Ev
                0x08004120        0x8 .pio/build/genericSTM32F401CC/src/main.cpp.o
                0x08004120                rosserial_msgs::RequestParamResponse::getMD5()
 .text._ZNK8std_msgs5Int169serializeEPh
                0x08004128       0x10 .pio/build/genericSTM32F401CC/src/main.cpp.o
                0x08004128                std_msgs::Int16::serialize(unsigned char*) const
 .text._ZN8std_msgs5Int1611deserializeEPh
                0x08004138        0x8 .pio/build/genericSTM32F401CC/src/main.cpp.o
                0x08004138                std_msgs::Int16::deserialize(unsigned char*)
 .text._ZN8std_msgs5Int167getTypeEv
                0x08004140        0x8 .pio/build/genericSTM32F401CC/src/main.cpp.o
                0x08004140                std_msgs::Int16::getType()
 .text._ZN8std_msgs5Int166getMD5Ev
                0x08004148        0x8 .pio/build/genericSTM32F401CC/src/main.cpp.o
                0x08004148                std_msgs::Int16::getMD5()
 .text._ZN3ros11NodeHandle_I15ArduinoHardwareLi25ELi25ELi512ELi512EE9connectedEv
                0x08004150        0x6 .pio/build/genericSTM32F401CC/src/main.cpp.o
                0x08004150                ros::NodeHandle_<ArduinoHardware, 25, 25, 512, 512>::connected()
 .text._ZN3ros10SubscriberIN8std_msgs5Int16EvE8callbackEPh
                0x08004156       0x18 .pio/build/genericSTM32F401CC/src/main.cpp.o
                0x08004156                ros::Subscriber<std_msgs::Int16, void>::callback(unsigned char*)
 .text._ZN3ros10SubscriberIN8std_msgs5Int16EvE15getEndpointTypeEv
                0x0800416e        0x4 .pio/build/genericSTM32F401CC/src/main.cpp.o
                0x0800416e                ros::Subscriber<std_msgs::Int16, void>::getEndpointType()
 *fill*         0x08004172        0x2 
 .text._ZN3ros10SubscriberIN8std_msgs5Int16EvE10getMsgTypeEv
                0x08004174        0x8 .pio/build/genericSTM32F401CC/src/main.cpp.o
                0x08004174                ros::Subscriber<std_msgs::Int16, void>::getMsgType()
 .text._ZN3ros10SubscriberIN8std_msgs5Int16EvE9getMsgMD5Ev
                0x0800417c        0x8 .pio/build/genericSTM32F401CC/src/main.cpp.o
                0x0800417c                ros::Subscriber<std_msgs::Int16, void>::getMsgMD5()
 .text._ZN3ros11NodeHandle_I15ArduinoHardwareLi25ELi25ELi512ELi512EE7publishEiPKNS_3MsgE
                0x08004184       0xb0 .pio/build/genericSTM32F401CC/src/main.cpp.o
                0x08004184                ros::NodeHandle_<ArduinoHardware, 25, 25, 512, 512>::publish(int, ros::Msg const*)
 .text._ZN5motor15rotateClockwiseEi
                0x08004234      0x170 .pio/build/genericSTM32F401CC/src/main.cpp.o
                0x08004234                motor::rotateClockwise(int)
 .text._ZN5motor19rotateAntiClockwiseEi
                0x080043a4      0x170 .pio/build/genericSTM32F401CC/src/main.cpp.o
                0x080043a4                motor::rotateAntiClockwise(int)
 .text._Z5drivei
                0x08004514       0x84 .pio/build/genericSTM32F401CC/src/main.cpp.o
                0x08004514                drive(int)
 .text._Z4moveRKN8std_msgs5Int16E
                0x08004598        0x8 .pio/build/genericSTM32F401CC/src/main.cpp.o
                0x08004598                move(std_msgs::Int16 const&)
 .text._Z10spot_drivei
                0x080045a0       0x84 .pio/build/genericSTM32F401CC/src/main.cpp.o
                0x080045a0                spot_drive(int)
 .text._Z9spot_moveRKN8std_msgs5Int16E
                0x08004624        0x8 .pio/build/genericSTM32F401CC/src/main.cpp.o
                0x08004624                spot_move(std_msgs::Int16 const&)
 .text._Z13initial_setupv
                0x0800462c       0xc6 .pio/build/genericSTM32F401CC/src/main.cpp.o
                0x0800462c                initial_setup()
 *fill*         0x080046f2        0x2 
 .text.setup    0x080046f4       0x70 .pio/build/genericSTM32F401CC/src/main.cpp.o
                0x080046f4                setup
 .text._ZN3ros3Msg8varToArrIPhmEEvT_T0_
                0x08004764       0x10 .pio/build/genericSTM32F401CC/src/main.cpp.o
                0x08004764                void ros::Msg::varToArr<unsigned char*, unsigned long>(unsigned char*, unsigned long)
 .text._ZNK14rosserial_msgs20RequestParamResponse9serializeEPh
                0x08004774       0xe4 .pio/build/genericSTM32F401CC/src/main.cpp.o
                0x08004774                rosserial_msgs::RequestParamResponse::serialize(unsigned char*) const
 .text._ZNK14rosserial_msgs3Log9serializeEPh
                0x08004858       0x2c .pio/build/genericSTM32F401CC/src/main.cpp.o
                0x08004858                rosserial_msgs::Log::serialize(unsigned char*) const
 .text._ZNK14rosserial_msgs9TopicInfo9serializeEPh
                0x08004884       0x7e .pio/build/genericSTM32F401CC/src/main.cpp.o
                0x08004884                rosserial_msgs::TopicInfo::serialize(unsigned char*) const
 .text._ZN3ros3Msg8arrToVarImPhEEvRT_T0_
                0x08004902       0x1c .pio/build/genericSTM32F401CC/src/main.cpp.o
                0x08004902                void ros::Msg::arrToVar<unsigned long, unsigned char*>(unsigned long&, unsigned char*)
 .text._ZN14rosserial_msgs3Log11deserializeEPh
                0x0800491e       0x34 .pio/build/genericSTM32F401CC/src/main.cpp.o
                0x0800491e                rosserial_msgs::Log::deserialize(unsigned char*)
 .text._ZN14rosserial_msgs9TopicInfo11deserializeEPh
                0x08004952       0xcc .pio/build/genericSTM32F401CC/src/main.cpp.o
                0x08004952                rosserial_msgs::TopicInfo::deserialize(unsigned char*)
 .text._ZN14rosserial_msgs20RequestParamResponse11deserializeEPh
                0x08004a1e       0xfc .pio/build/genericSTM32F401CC/src/main.cpp.o
                0x08004a1e                rosserial_msgs::RequestParamResponse::deserialize(unsigned char*)
 *fill*         0x08004b1a        0x2 
 .text._ZN3ros11NodeHandle_I15ArduinoHardwareLi25ELi25ELi512ELi512EE15requestSyncTimeEv
                0x08004b1c       0x28 .pio/build/genericSTM32F401CC/src/main.cpp.o
                0x08004b1c                ros::NodeHandle_<ArduinoHardware, 25, 25, 512, 512>::requestSyncTime()
 .text._ZN3ros11NodeHandle_I15ArduinoHardwareLi25ELi25ELi512ELi512EE15negotiateTopicsEv
                0x08004b44       0xb8 .pio/build/genericSTM32F401CC/src/main.cpp.o
                0x08004b44                ros::NodeHandle_<ArduinoHardware, 25, 25, 512, 512>::negotiateTopics()
 .text._ZN3ros11NodeHandle_I15ArduinoHardwareLi25ELi25ELi512ELi512EE8syncTimeEPh
                0x08004bfc       0x7c .pio/build/genericSTM32F401CC/src/main.cpp.o
                0x08004bfc                ros::NodeHandle_<ArduinoHardware, 25, 25, 512, 512>::syncTime(unsigned char*)
 .text._ZN3ros11NodeHandle_I15ArduinoHardwareLi25ELi25ELi512ELi512EE8spinOnceEv
                0x08004c78      0x1fc .pio/build/genericSTM32F401CC/src/main.cpp.o
                0x08004c78                ros::NodeHandle_<ArduinoHardware, 25, 25, 512, 512>::spinOnce()
 .text.loop     0x08004e74       0x18 .pio/build/genericSTM32F401CC/src/main.cpp.o
                0x08004e74                loop
 .text.startup._GLOBAL__sub_I_Kp
                0x08004e8c      0x19c .pio/build/genericSTM32F401CC/src/main.cpp.o
 .text._ZN3ros16normalizeSecNSecERmS0_
                0x08005028       0x1c .pio/build/genericSTM32F401CC/lib420/libros_lib.a(time.cpp.o)
                0x08005028                ros::normalizeSecNSec(unsigned long&, unsigned long&)
 .text._ZN9USBSerial5writeEh
                0x08005044       0x18 .pio/build/genericSTM32F401CC/libFrameworkArduino.a(USBSerial.cpp.o)
                0x08005044                USBSerial::write(unsigned char)
 .text._ZN9USBSerial17availableForWriteEv
                0x0800505c        0xc .pio/build/genericSTM32F401CC/libFrameworkArduino.a(USBSerial.cpp.o)
                0x0800505c                USBSerial::availableForWrite()
 .text._ZN9USBSerial5writeEPKhj
                0x08005068       0x48 .pio/build/genericSTM32F401CC/libFrameworkArduino.a(USBSerial.cpp.o)
                0x08005068                USBSerial::write(unsigned char const*, unsigned int)
 .text._ZN9USBSerial9availableEv
                0x080050b0        0xc .pio/build/genericSTM32F401CC/libFrameworkArduino.a(USBSerial.cpp.o)
                0x080050b0                USBSerial::available()
 .text._ZN9USBSerial4readEv
                0x080050bc       0x18 .pio/build/genericSTM32F401CC/libFrameworkArduino.a(USBSerial.cpp.o)
                0x080050bc                USBSerial::read()
 .text._ZN9USBSerial9readBytesEPcj
                0x080050d4       0x4c .pio/build/genericSTM32F401CC/libFrameworkArduino.a(USBSerial.cpp.o)
                0x080050d4                USBSerial::readBytes(char*, unsigned int)
 .text._ZN9USBSerial14readBytesUntilEcPcj
                0x08005120       0x68 .pio/build/genericSTM32F401CC/libFrameworkArduino.a(USBSerial.cpp.o)
                0x08005120                USBSerial::readBytesUntil(char, char*, unsigned int)
 .text._ZN9USBSerial4peekEv
                0x08005188        0xc .pio/build/genericSTM32F401CC/libFrameworkArduino.a(USBSerial.cpp.o)
                0x08005188                USBSerial::peek()
 .text._ZN9USBSerial5flushEv
                0x08005194       0x14 .pio/build/genericSTM32F401CC/libFrameworkArduino.a(USBSerial.cpp.o)
                0x08005194                USBSerial::flush()
 .text._ZN9USBSerial5beginEm
                0x080051a8        0x4 .pio/build/genericSTM32F401CC/libFrameworkArduino.a(USBSerial.cpp.o)
                0x080051a8                USBSerial::begin(unsigned long)
 .text.startup._GLOBAL__sub_I_SerialUSB
                0x080051ac       0x1c .pio/build/genericSTM32F401CC/libFrameworkArduino.a(USBSerial.cpp.o)
 .text.startup._Z7premainv
                0x080051c8       0x10 .pio/build/genericSTM32F401CC/libFrameworkArduino.a(main.cpp.o)
                0x080051c8                premain()
 .text.startup.main
                0x080051d8       0x14 .pio/build/genericSTM32F401CC/libFrameworkArduino.a(main.cpp.o)
                0x080051d8                main
 .text.Reset_Handler
                0x080051ec       0x50 .pio/build/genericSTM32F401CC/libFrameworkArduino.a(startup_stm32yyxx.S.o)
                0x080051ec                Reset_Handler
 .text.Default_Handler
                0x0800523c        0x2 .pio/build/genericSTM32F401CC/libFrameworkArduino.a(startup_stm32yyxx.S.o)
                0x0800523c                RTC_Alarm_IRQHandler
                0x0800523c                DebugMon_Handler
                0x0800523c                SPI4_IRQHandler
                0x0800523c                DMA2_Stream5_IRQHandler
                0x0800523c                HardFault_Handler
                0x0800523c                DMA1_Stream5_IRQHandler
                0x0800523c                PVD_IRQHandler
                0x0800523c                SDIO_IRQHandler
                0x0800523c                TAMP_STAMP_IRQHandler
                0x0800523c                PendSV_Handler
                0x0800523c                NMI_Handler
                0x0800523c                I2C3_ER_IRQHandler
                0x0800523c                I2C2_EV_IRQHandler
                0x0800523c                DMA1_Stream2_IRQHandler
                0x0800523c                FPU_IRQHandler
                0x0800523c                UsageFault_Handler
                0x0800523c                DMA2_Stream2_IRQHandler
                0x0800523c                SPI1_IRQHandler
                0x0800523c                DMA2_Stream3_IRQHandler
                0x0800523c                DMA2_Stream0_IRQHandler
                0x0800523c                I2C1_EV_IRQHandler
                0x0800523c                DMA1_Stream6_IRQHandler
                0x0800523c                DMA1_Stream1_IRQHandler
                0x0800523c                RCC_IRQHandler
                0x0800523c                Default_Handler
                0x0800523c                ADC_IRQHandler
                0x0800523c                DMA1_Stream7_IRQHandler
                0x0800523c                DMA2_Stream7_IRQHandler
                0x0800523c                I2C3_EV_IRQHandler
                0x0800523c                RTC_WKUP_IRQHandler
                0x0800523c                SPI2_IRQHandler
                0x0800523c                MemManage_Handler
                0x0800523c                DMA1_Stream0_IRQHandler
                0x0800523c                SVC_Handler
                0x0800523c                WWDG_IRQHandler
                0x0800523c                I2C2_ER_IRQHandler
                0x0800523c                DMA2_Stream1_IRQHandler
                0x0800523c                FLASH_IRQHandler
                0x0800523c                DMA2_Stream4_IRQHandler
                0x0800523c                BusFault_Handler
                0x0800523c                SPI3_IRQHandler
                0x0800523c                DMA1_Stream4_IRQHandler
                0x0800523c                I2C1_ER_IRQHandler
                0x0800523c                DMA2_Stream6_IRQHandler
                0x0800523c                DMA1_Stream3_IRQHandler
 .text.CDC_TransmitQueue_Init
                0x0800523e        0xc .pio/build/genericSTM32F401CC/libFrameworkArduino.a(cdc_queue.c.o)
                0x0800523e                CDC_TransmitQueue_Init
 .text.CDC_TransmitQueue_WriteSize
                0x0800524a       0x20 .pio/build/genericSTM32F401CC/libFrameworkArduino.a(cdc_queue.c.o)
                0x0800524a                CDC_TransmitQueue_WriteSize
 .text.CDC_TransmitQueue_ReadSize
                0x0800526a       0x22 .pio/build/genericSTM32F401CC/libFrameworkArduino.a(cdc_queue.c.o)
                0x0800526a                CDC_TransmitQueue_ReadSize
 .text.CDC_TransmitQueue_Enqueue
                0x0800528c       0x46 .pio/build/genericSTM32F401CC/libFrameworkArduino.a(cdc_queue.c.o)
                0x0800528c                CDC_TransmitQueue_Enqueue
 .text.CDC_TransmitQueue_ReadBlock
                0x080052d2       0x36 .pio/build/genericSTM32F401CC/libFrameworkArduino.a(cdc_queue.c.o)
                0x080052d2                CDC_TransmitQueue_ReadBlock
 .text.CDC_TransmitQueue_CommitRead
                0x08005308       0x14 .pio/build/genericSTM32F401CC/libFrameworkArduino.a(cdc_queue.c.o)
                0x08005308                CDC_TransmitQueue_CommitRead
 .text.CDC_ReceiveQueue_Init
                0x0800531c       0x12 .pio/build/genericSTM32F401CC/libFrameworkArduino.a(cdc_queue.c.o)
                0x0800531c                CDC_ReceiveQueue_Init
 .text.CDC_ReceiveQueue_ReserveBlock
                0x0800532e       0x74 .pio/build/genericSTM32F401CC/libFrameworkArduino.a(cdc_queue.c.o)
                0x0800532e                CDC_ReceiveQueue_ReserveBlock
 .text.CDC_ReceiveQueue_CommitBlock
                0x080053a2       0x36 .pio/build/genericSTM32F401CC/libFrameworkArduino.a(cdc_queue.c.o)
                0x080053a2                CDC_ReceiveQueue_CommitBlock
 .text.CDC_ReceiveQueue_ReadSize
                0x080053d8       0x50 .pio/build/genericSTM32F401CC/libFrameworkArduino.a(cdc_queue.c.o)
                0x080053d8                CDC_ReceiveQueue_ReadSize
 .text.CDC_ReceiveQueue_Dequeue
                0x08005428       0x6e .pio/build/genericSTM32F401CC/libFrameworkArduino.a(cdc_queue.c.o)
                0x08005428                CDC_ReceiveQueue_Dequeue
 .text.CDC_ReceiveQueue_Peek
                0x08005496       0x4c .pio/build/genericSTM32F401CC/libFrameworkArduino.a(cdc_queue.c.o)
                0x08005496                CDC_ReceiveQueue_Peek
 .text.CDC_ReceiveQueue_Read
                0x080054e2       0x90 .pio/build/genericSTM32F401CC/libFrameworkArduino.a(cdc_queue.c.o)
                0x080054e2                CDC_ReceiveQueue_Read
 .text.CDC_ReceiveQueue_ReadUntil
                0x08005572       0xd0 .pio/build/genericSTM32F401CC/libFrameworkArduino.a(cdc_queue.c.o)
                0x08005572                CDC_ReceiveQueue_ReadUntil
 .text.USBD_CDC_DeInit
                0x08005642        0x4 .pio/build/genericSTM32F401CC/libFrameworkArduino.a(usbd_cdc_if.c.o)
 *fill*         0x08005646        0x2 
 .text.USBD_CDC_Control
                0x08005648       0x84 .pio/build/genericSTM32F401CC/libFrameworkArduino.a(usbd_cdc_if.c.o)
 .text.USBD_CDC_Init
                0x080056cc       0x38 .pio/build/genericSTM32F401CC/libFrameworkArduino.a(usbd_cdc_if.c.o)
 .text.CDC_init
                0x08005704       0x48 .pio/build/genericSTM32F401CC/libFrameworkArduino.a(usbd_cdc_if.c.o)
                0x08005704                CDC_init
 .text.CDC_connected
                0x0800574c       0x40 .pio/build/genericSTM32F401CC/libFrameworkArduino.a(usbd_cdc_if.c.o)
                0x0800574c                CDC_connected
 .text.CDC_continue_transmit
                0x0800578c       0x4c .pio/build/genericSTM32F401CC/libFrameworkArduino.a(usbd_cdc_if.c.o)
                0x0800578c                CDC_continue_transmit
 .text.USBD_CDC_TransmitCplt
                0x080057d8       0x20 .pio/build/genericSTM32F401CC/libFrameworkArduino.a(usbd_cdc_if.c.o)
 .text.CDC_resume_receive
                0x080057f8       0x38 .pio/build/genericSTM32F401CC/libFrameworkArduino.a(usbd_cdc_if.c.o)
                0x080057f8                CDC_resume_receive
 .text.USBD_CDC_Receive
                0x08005830       0x2c .pio/build/genericSTM32F401CC/libFrameworkArduino.a(usbd_cdc_if.c.o)
 .text.USBD_Init
                0x0800585c       0x26 .pio/build/genericSTM32F401CC/libFrameworkArduino.a(usb_device_core.c.o)
                0x0800585c                USBD_Init
 .text.USBD_RegisterClass
                0x08005882       0x32 .pio/build/genericSTM32F401CC/libFrameworkArduino.a(usb_device_core.c.o)
                0x08005882                USBD_RegisterClass
 .text.USBD_Start
                0x080058b4        0x4 .pio/build/genericSTM32F401CC/libFrameworkArduino.a(usb_device_core.c.o)
                0x080058b4                USBD_Start
 .text.USBD_SetClassConfig
                0x080058b8        0xe .pio/build/genericSTM32F401CC/libFrameworkArduino.a(usb_device_core.c.o)
                0x080058b8                USBD_SetClassConfig
 .text.USBD_ClrClassConfig
                0x080058c6       0x12 .pio/build/genericSTM32F401CC/libFrameworkArduino.a(usb_device_core.c.o)
                0x080058c6                USBD_ClrClassConfig
 .text.USBD_LL_SetupStage
                0x080058d8       0x60 .pio/build/genericSTM32F401CC/libFrameworkArduino.a(usb_device_core.c.o)
                0x080058d8                USBD_LL_SetupStage
 .text.USBD_LL_DataOutStage
                0x08005938       0x6a .pio/build/genericSTM32F401CC/libFrameworkArduino.a(usb_device_core.c.o)
                0x08005938                USBD_LL_DataOutStage
 .text.USBD_LL_DataInStage
                0x080059a2       0xa6 .pio/build/genericSTM32F401CC/libFrameworkArduino.a(usb_device_core.c.o)
                0x080059a2                USBD_LL_DataInStage
 .text.USBD_LL_Reset
                0x08005a48       0x5e .pio/build/genericSTM32F401CC/libFrameworkArduino.a(usb_device_core.c.o)
                0x08005a48                USBD_LL_Reset
 .text.USBD_LL_SetSpeed
                0x08005aa6        0x6 .pio/build/genericSTM32F401CC/libFrameworkArduino.a(usb_device_core.c.o)
                0x08005aa6                USBD_LL_SetSpeed
 .text.USBD_LL_Suspend
                0x08005aac       0x1c .pio/build/genericSTM32F401CC/libFrameworkArduino.a(usb_device_core.c.o)
                0x08005aac                USBD_LL_Suspend
 .text.USBD_LL_Resume
                0x08005ac8       0x16 .pio/build/genericSTM32F401CC/libFrameworkArduino.a(usb_device_core.c.o)
                0x08005ac8                USBD_LL_Resume
 .text.USBD_LL_SOF
                0x08005ade       0x1a .pio/build/genericSTM32F401CC/libFrameworkArduino.a(usb_device_core.c.o)
                0x08005ade                USBD_LL_SOF
 .text.USBD_LL_IsoINIncomplete
                0x08005af8       0x26 .pio/build/genericSTM32F401CC/libFrameworkArduino.a(usb_device_core.c.o)
                0x08005af8                USBD_LL_IsoINIncomplete
 .text.USBD_LL_IsoOUTIncomplete
                0x08005b1e       0x26 .pio/build/genericSTM32F401CC/libFrameworkArduino.a(usb_device_core.c.o)
                0x08005b1e                USBD_LL_IsoOUTIncomplete
 .text.USBD_LL_DevConnected
                0x08005b44        0x4 .pio/build/genericSTM32F401CC/libFrameworkArduino.a(usb_device_core.c.o)
                0x08005b44                USBD_LL_DevConnected
 .text.USBD_LL_DevDisconnected
                0x08005b48       0x20 .pio/build/genericSTM32F401CC/libFrameworkArduino.a(usb_device_core.c.o)
                0x08005b48                USBD_LL_DevDisconnected
 .text.USBD_CoreFindIF
                0x08005b68        0x4 .pio/build/genericSTM32F401CC/libFrameworkArduino.a(usb_device_core.c.o)
                0x08005b68                USBD_CoreFindIF
 .text.USBD_CoreFindEP
                0x08005b6c        0x4 .pio/build/genericSTM32F401CC/libFrameworkArduino.a(usb_device_core.c.o)
                0x08005b6c                USBD_CoreFindEP
 .text.USBD_GetEpDesc
                0x08005b70       0x24 .pio/build/genericSTM32F401CC/libFrameworkArduino.a(usb_device_core.c.o)
                0x08005b70                USBD_GetEpDesc
 .text.USBD_CtlError.constprop.0
                0x08005b94       0x16 .pio/build/genericSTM32F401CC/libFrameworkArduino.a(usb_device_ctlreq.c.o)
 *fill*         0x08005baa        0x2 
 .text.USBD_StdDevReq
                0x08005bac      0x288 .pio/build/genericSTM32F401CC/libFrameworkArduino.a(usb_device_ctlreq.c.o)
                0x08005bac                USBD_StdDevReq
 .text.USBD_StdItfReq
                0x08005e34       0x5a .pio/build/genericSTM32F401CC/libFrameworkArduino.a(usb_device_ctlreq.c.o)
                0x08005e34                USBD_StdItfReq
 .text.USBD_StdEPReq
                0x08005e8e      0x13a .pio/build/genericSTM32F401CC/libFrameworkArduino.a(usb_device_ctlreq.c.o)
                0x08005e8e                USBD_StdEPReq
 .text.USBD_ParseSetupRequest
                0x08005fc8       0x16 .pio/build/genericSTM32F401CC/libFrameworkArduino.a(usb_device_ctlreq.c.o)
                0x08005fc8                USBD_ParseSetupRequest
 .text.USBD_CtlError
                0x08005fde       0x16 .pio/build/genericSTM32F401CC/libFrameworkArduino.a(usb_device_ctlreq.c.o)
                0x08005fde                USBD_CtlError
 .text.USBD_GetString
                0x08005ff4       0x38 .pio/build/genericSTM32F401CC/libFrameworkArduino.a(usb_device_ctlreq.c.o)
                0x08005ff4                USBD_GetString
 .text.USBD_CtlSendData
                0x0800602c       0x1a .pio/build/genericSTM32F401CC/libFrameworkArduino.a(usb_device_ioreq.c.o)
                0x0800602c                USBD_CtlSendData
 .text.USBD_CtlContinueSendData
                0x08006046       0x10 .pio/build/genericSTM32F401CC/libFrameworkArduino.a(usb_device_ioreq.c.o)
                0x08006046                USBD_CtlContinueSendData
 .text.USBD_CtlPrepareRx
                0x08006056       0x1a .pio/build/genericSTM32F401CC/libFrameworkArduino.a(usb_device_ioreq.c.o)
                0x08006056                USBD_CtlPrepareRx
 .text.USBD_CtlContinueRx
                0x08006070       0x10 .pio/build/genericSTM32F401CC/libFrameworkArduino.a(usb_device_ioreq.c.o)
                0x08006070                USBD_CtlContinueRx
 .text.USBD_CtlSendStatus
                0x08006080       0x16 .pio/build/genericSTM32F401CC/libFrameworkArduino.a(usb_device_ioreq.c.o)
                0x08006080                USBD_CtlSendStatus
 .text.USBD_CtlReceiveStatus
                0x08006096       0x16 .pio/build/genericSTM32F401CC/libFrameworkArduino.a(usb_device_ioreq.c.o)
                0x08006096                USBD_CtlReceiveStatus
 .text.HAL_PCD_MspInit
                0x080060ac       0x98 .pio/build/genericSTM32F401CC/libFrameworkArduino.a(usbd_conf.c.o)
                0x080060ac                HAL_PCD_MspInit
 .text.HAL_PCD_SetupStageCallback
                0x08006144        0xc .pio/build/genericSTM32F401CC/libFrameworkArduino.a(usbd_conf.c.o)
                0x08006144                HAL_PCD_SetupStageCallback
 .text.HAL_PCD_DataOutStageCallback
                0x08006150       0x12 .pio/build/genericSTM32F401CC/libFrameworkArduino.a(usbd_conf.c.o)
                0x08006150                HAL_PCD_DataOutStageCallback
 .text.HAL_PCD_DataInStageCallback
                0x08006162       0x10 .pio/build/genericSTM32F401CC/libFrameworkArduino.a(usbd_conf.c.o)
                0x08006162                HAL_PCD_DataInStageCallback
 .text.HAL_PCD_SOFCallback
                0x08006172        0x8 .pio/build/genericSTM32F401CC/libFrameworkArduino.a(usbd_conf.c.o)
                0x08006172                HAL_PCD_SOFCallback
 .text.HAL_PCD_ResetCallback
                0x0800617a       0x1a .pio/build/genericSTM32F401CC/libFrameworkArduino.a(usbd_conf.c.o)
                0x0800617a                HAL_PCD_ResetCallback
 .text.HAL_PCD_SuspendCallback
                0x08006194       0x30 .pio/build/genericSTM32F401CC/libFrameworkArduino.a(usbd_conf.c.o)
                0x08006194                HAL_PCD_SuspendCallback
 .text.HAL_PCD_ResumeCallback
                0x080061c4       0x34 .pio/build/genericSTM32F401CC/libFrameworkArduino.a(usbd_conf.c.o)
                0x080061c4                HAL_PCD_ResumeCallback
 .text.HAL_PCD_ISOOUTIncompleteCallback
                0x080061f8        0x8 .pio/build/genericSTM32F401CC/libFrameworkArduino.a(usbd_conf.c.o)
                0x080061f8                HAL_PCD_ISOOUTIncompleteCallback
 .text.HAL_PCD_ISOINIncompleteCallback
                0x08006200        0x8 .pio/build/genericSTM32F401CC/libFrameworkArduino.a(usbd_conf.c.o)
                0x08006200                HAL_PCD_ISOINIncompleteCallback
 .text.HAL_PCD_ConnectCallback
                0x08006208        0x8 .pio/build/genericSTM32F401CC/libFrameworkArduino.a(usbd_conf.c.o)
                0x08006208                HAL_PCD_ConnectCallback
 .text.HAL_PCD_DisconnectCallback
                0x08006210        0x8 .pio/build/genericSTM32F401CC/libFrameworkArduino.a(usbd_conf.c.o)
                0x08006210                HAL_PCD_DisconnectCallback
 .text.OTG_FS_IRQHandler
                0x08006218        0xc .pio/build/genericSTM32F401CC/libFrameworkArduino.a(usbd_conf.c.o)
                0x08006218                OTG_FS_IRQHandler
 .text.OTG_FS_WKUP_IRQHandler
                0x08006224       0x3c .pio/build/genericSTM32F401CC/libFrameworkArduino.a(usbd_conf.c.o)
                0x08006224                OTG_FS_WKUP_IRQHandler
 .text.USBD_LL_Init
                0x08006260       0x64 .pio/build/genericSTM32F401CC/libFrameworkArduino.a(usbd_conf.c.o)
                0x08006260                USBD_LL_Init
 .text.USBD_LL_Start
                0x080062c4        0xe .pio/build/genericSTM32F401CC/libFrameworkArduino.a(usbd_conf.c.o)
                0x080062c4                USBD_LL_Start
 .text.USBD_LL_OpenEP
                0x080062d2       0x14 .pio/build/genericSTM32F401CC/libFrameworkArduino.a(usbd_conf.c.o)
                0x080062d2                USBD_LL_OpenEP
 .text.USBD_LL_CloseEP
                0x080062e6        0xe .pio/build/genericSTM32F401CC/libFrameworkArduino.a(usbd_conf.c.o)
                0x080062e6                USBD_LL_CloseEP
 .text.USBD_LL_StallEP
                0x080062f4        0xe .pio/build/genericSTM32F401CC/libFrameworkArduino.a(usbd_conf.c.o)
                0x080062f4                USBD_LL_StallEP
 .text.USBD_LL_ClearStallEP
                0x08006302        0xe .pio/build/genericSTM32F401CC/libFrameworkArduino.a(usbd_conf.c.o)
                0x08006302                USBD_LL_ClearStallEP
 .text.USBD_LL_IsStallEP
                0x08006310       0x24 .pio/build/genericSTM32F401CC/libFrameworkArduino.a(usbd_conf.c.o)
                0x08006310                USBD_LL_IsStallEP
 .text.USBD_LL_SetUSBAddress
                0x08006334        0xe .pio/build/genericSTM32F401CC/libFrameworkArduino.a(usbd_conf.c.o)
                0x08006334                USBD_LL_SetUSBAddress
 .text.USBD_LL_Transmit
                0x08006342        0xe .pio/build/genericSTM32F401CC/libFrameworkArduino.a(usbd_conf.c.o)
                0x08006342                USBD_LL_Transmit
 .text.USBD_LL_PrepareReceive
                0x08006350        0xe .pio/build/genericSTM32F401CC/libFrameworkArduino.a(usbd_conf.c.o)
                0x08006350                USBD_LL_PrepareReceive
 .text.USBD_LL_GetRxDataSize
                0x0800635e        0x8 .pio/build/genericSTM32F401CC/libFrameworkArduino.a(usbd_conf.c.o)
                0x0800635e                USBD_LL_GetRxDataSize
 *fill*         0x08006366        0x2 
 .text.USBD_Class_DeviceDescriptor
                0x08006368        0xc .pio/build/genericSTM32F401CC/libFrameworkArduino.a(usbd_desc.c.o)
                0x08006368                USBD_Class_DeviceDescriptor
 .text.USBD_LangIDStrDescriptor
                0x08006374        0xc .pio/build/genericSTM32F401CC/libFrameworkArduino.a(usbd_desc.c.o)
                0x08006374                USBD_LangIDStrDescriptor
 .text.USBD_Class_UserStrDescriptor
                0x08006380        0x8 .pio/build/genericSTM32F401CC/libFrameworkArduino.a(usbd_desc.c.o)
                0x08006380                USBD_Class_UserStrDescriptor
 .text.IntToUnicode
                0x08006388       0x2a .pio/build/genericSTM32F401CC/libFrameworkArduino.a(usbd_desc.c.o)
 *fill*         0x080063b2        0x2 
 .text.USBD_SerialStrDescriptor
                0x080063b4       0x3c .pio/build/genericSTM32F401CC/libFrameworkArduino.a(usbd_desc.c.o)
                0x080063b4                USBD_SerialStrDescriptor
 .text.USBD_ManufacturerStrDescriptor
                0x080063f0       0x1c .pio/build/genericSTM32F401CC/libFrameworkArduino.a(usbd_desc.c.o)
                0x080063f0                USBD_ManufacturerStrDescriptor
 .text.USBD_Class_ProductStrDescriptor
                0x0800640c       0x24 .pio/build/genericSTM32F401CC/libFrameworkArduino.a(usbd_desc.c.o)
                0x0800640c                USBD_Class_ProductStrDescriptor
 .text.USBD_Class_ConfigStrDescriptor
                0x08006430       0x1c .pio/build/genericSTM32F401CC/libFrameworkArduino.a(usbd_desc.c.o)
                0x08006430                USBD_Class_ConfigStrDescriptor
 .text.USBD_Class_InterfaceStrDescriptor
                0x0800644c       0x1c .pio/build/genericSTM32F401CC/libFrameworkArduino.a(usbd_desc.c.o)
                0x0800644c                USBD_Class_InterfaceStrDescriptor
 .text.USBD_reenumerate
                0x08006468       0x1c .pio/build/genericSTM32F401CC/libFrameworkArduino.a(usbd_if.c.o)
                0x08006468                USBD_reenumerate
 .text.USBD_CDC_init
                0x08006484        0x4 .pio/build/genericSTM32F401CC/libFrameworkArduino.a(usbd_if.c.o)
                0x08006484                USBD_CDC_init
 .text.USBD_SystemClockConfigFromResume
                0x08006488        0xe .pio/build/genericSTM32F401CC/libFrameworkArduino.a(usbd_if.c.o)
                0x08006488                USBD_SystemClockConfigFromResume
 .text.mapResolution
                0x08006496       0x26 .pio/build/genericSTM32F401CC/libFrameworkArduino.a(wiring_analog.c.o)
 .text.analogWrite
                0x080064bc       0xdc .pio/build/genericSTM32F401CC/libFrameworkArduino.a(wiring_analog.c.o)
                0x080064bc                analogWrite
 .text.pinMode  0x08006598       0xbc .pio/build/genericSTM32F401CC/libFrameworkArduino.a(wiring_digital.c.o)
                0x08006598                pinMode
 .text.digitalWrite
                0x08006654       0x70 .pio/build/genericSTM32F401CC/libFrameworkArduino.a(wiring_digital.c.o)
                0x08006654                digitalWrite
 .text.millis   0x080066c4        0x4 .pio/build/genericSTM32F401CC/libFrameworkArduino.a(wiring_time.c.o)
                0x080066c4                millis
 .text.delay    0x080066c8       0x1c .pio/build/genericSTM32F401CC/libFrameworkArduino.a(wiring_time.c.o)
                0x080066c8                delay
 .text._Z14serialEventRunv
                0x080066e4       0x34 .pio/build/genericSTM32F401CC/libFrameworkArduino.a(WSerial.cpp.o)
                0x080066e4                serialEventRun()
 .text.init     0x08006718        0x4 .pio/build/genericSTM32F401CC/libFrameworkArduino.a(board.c.o)
                0x08006718                init
 .text.__empty  0x0800671c        0x2 .pio/build/genericSTM32F401CC/libFrameworkArduino.a(hooks.c.o)
                0x0800671c                yield
 .text.USBD_CDC_EP0_RxReady
                0x0800671e       0x38 .pio/build/genericSTM32F401CC/libFrameworkArduino.a(usbd_cdc.c.o)
 *fill*         0x08006756        0x2 
 .text.USBD_CDC_GetDeviceQualifierDescriptor
                0x08006758        0xc .pio/build/genericSTM32F401CC/libFrameworkArduino.a(usbd_cdc.c.o)
                0x08006758                USBD_CDC_GetDeviceQualifierDescriptor
 .text.USBD_CDC_GetOtherSpeedCfgDesc
                0x08006764       0x48 .pio/build/genericSTM32F401CC/libFrameworkArduino.a(usbd_cdc.c.o)
 .text.USBD_CDC_GetFSCfgDesc
                0x080067ac       0x48 .pio/build/genericSTM32F401CC/libFrameworkArduino.a(usbd_cdc.c.o)
 .text.USBD_CDC_GetHSCfgDesc
                0x080067f4       0x48 .pio/build/genericSTM32F401CC/libFrameworkArduino.a(usbd_cdc.c.o)
 .text.USBD_CDC_DataOut
                0x0800683c       0x38 .pio/build/genericSTM32F401CC/libFrameworkArduino.a(usbd_cdc.c.o)
 .text.USBD_CDC_DataIn
                0x08006874       0x64 .pio/build/genericSTM32F401CC/libFrameworkArduino.a(usbd_cdc.c.o)
 .text.USBD_CDC_Setup
                0x080068d8       0xf0 .pio/build/genericSTM32F401CC/libFrameworkArduino.a(usbd_cdc.c.o)
 .text.USBD_CDC_DeInit
                0x080069c8       0x4e .pio/build/genericSTM32F401CC/libFrameworkArduino.a(usbd_cdc.c.o)
 *fill*         0x08006a16        0x2 
 .text.USBD_CDC_Init
                0x08006a18       0xbc .pio/build/genericSTM32F401CC/libFrameworkArduino.a(usbd_cdc.c.o)
 .text.USBD_CDC_RegisterInterface
                0x08006ad4       0x16 .pio/build/genericSTM32F401CC/libFrameworkArduino.a(usbd_cdc.c.o)
                0x08006ad4                USBD_CDC_RegisterInterface
 .text.USBD_CDC_SetTxBuffer
                0x08006aea       0x1c .pio/build/genericSTM32F401CC/libFrameworkArduino.a(usbd_cdc.c.o)
                0x08006aea                USBD_CDC_SetTxBuffer
 .text.USBD_CDC_SetRxBuffer
                0x08006b06       0x18 .pio/build/genericSTM32F401CC/libFrameworkArduino.a(usbd_cdc.c.o)
                0x08006b06                USBD_CDC_SetRxBuffer
 .text.USBD_CDC_TransmitPacket
                0x08006b1e       0x36 .pio/build/genericSTM32F401CC/libFrameworkArduino.a(usbd_cdc.c.o)
                0x08006b1e                USBD_CDC_TransmitPacket
 .text.USBD_CDC_ReceivePacket
                0x08006b54       0x2c .pio/build/genericSTM32F401CC/libFrameworkArduino.a(usbd_cdc.c.o)
                0x08006b54                USBD_CDC_ReceivePacket
 .text.USBD_CDC_ClearBuffer
                0x08006b80       0x20 .pio/build/genericSTM32F401CC/libFrameworkArduino.a(usbd_cdc.c.o)
                0x08006b80                USBD_CDC_ClearBuffer
 .text._ZN5Print5flushEv
                0x08006ba0        0x2 .pio/build/genericSTM32F401CC/libFrameworkArduino.a(HardwareSerial.cpp.o)
                0x08006ba0                Print::flush()
 .text._ZN14HardwareSerial9availableEv
                0x08006ba2       0x10 .pio/build/genericSTM32F401CC/libFrameworkArduino.a(HardwareSerial.cpp.o)
                0x08006ba2                HardwareSerial::available()
 .text._ZN14HardwareSerial4peekEv
                0x08006bb2       0x1a .pio/build/genericSTM32F401CC/libFrameworkArduino.a(HardwareSerial.cpp.o)
                0x08006bb2                HardwareSerial::peek()
 .text._ZN14HardwareSerial17availableForWriteEv
                0x08006bcc       0x1c .pio/build/genericSTM32F401CC/libFrameworkArduino.a(HardwareSerial.cpp.o)
                0x08006bcc                HardwareSerial::availableForWrite()
 .text._ZN14HardwareSerial5writeEh
                0x08006be8       0x18 .pio/build/genericSTM32F401CC/libFrameworkArduino.a(HardwareSerial.cpp.o)
                0x08006be8                HardwareSerial::write(unsigned char)
 .text._ZN14HardwareSerial16_tx_complete_irqEP8serial_s
                0x08006c00       0x60 .pio/build/genericSTM32F401CC/libFrameworkArduino.a(HardwareSerial.cpp.o)
                0x08006c00                HardwareSerial::_tx_complete_irq(serial_s*)
 .text._ZN14HardwareSerial5writeEPKhj
                0x08006c60       0xe4 .pio/build/genericSTM32F401CC/libFrameworkArduino.a(HardwareSerial.cpp.o)
                0x08006c60                HardwareSerial::write(unsigned char const*, unsigned int)
 .text._ZN14HardwareSerial5flushEm
                0x08006d44       0x36 .pio/build/genericSTM32F401CC/libFrameworkArduino.a(HardwareSerial.cpp.o)
                0x08006d44                HardwareSerial::flush(unsigned long)
 .text._ZN14HardwareSerial4initE7PinNameS0_S0_S0_
                0x08006d7a       0x32 .pio/build/genericSTM32F401CC/libFrameworkArduino.a(HardwareSerial.cpp.o)
                0x08006d7a                HardwareSerial::init(PinName, PinName, PinName, PinName)
 .text._ZN14HardwareSerial5setRxEm
                0x08006dac       0x48 .pio/build/genericSTM32F401CC/libFrameworkArduino.a(HardwareSerial.cpp.o)
                0x08006dac                HardwareSerial::setRx(unsigned long)
 .text._ZN14HardwareSerial5setTxEm
                0x08006df4       0x48 .pio/build/genericSTM32F401CC/libFrameworkArduino.a(HardwareSerial.cpp.o)
                0x08006df4                HardwareSerial::setTx(unsigned long)
 .text._ZN14HardwareSerialC2EPv16HalfDuplexMode_t
                0x08006e3c       0x90 .pio/build/genericSTM32F401CC/libFrameworkArduino.a(HardwareSerial.cpp.o)
                0x08006e3c                HardwareSerial::HardwareSerial(void*, HalfDuplexMode_t)
                0x08006e3c                HardwareSerial::HardwareSerial(void*, HalfDuplexMode_t)
 .text._ZN14HardwareSerial18enableHalfDuplexRxEv
                0x08006ecc       0x2e .pio/build/genericSTM32F401CC/libFrameworkArduino.a(HardwareSerial.cpp.o)
                0x08006ecc                HardwareSerial::enableHalfDuplexRx()
 .text._ZN14HardwareSerial4readEv
                0x08006efa       0x2e .pio/build/genericSTM32F401CC/libFrameworkArduino.a(HardwareSerial.cpp.o)
                0x08006efa                HardwareSerial::read()
 .text.startup._GLOBAL__sub_I_Serial2
                0x08006f28       0x14 .pio/build/genericSTM32F401CC/libFrameworkArduino.a(HardwareSerial.cpp.o)
 .text._ZN6Stream9timedReadEv
                0x08006f3c       0x2a .pio/build/genericSTM32F401CC/libFrameworkArduino.a(Stream.cpp.o)
                0x08006f3c                Stream::timedRead()
 .text._ZN6Stream9readBytesEPcj
                0x08006f66       0x22 .pio/build/genericSTM32F401CC/libFrameworkArduino.a(Stream.cpp.o)
                0x08006f66                Stream::readBytes(char*, unsigned int)
 .text._ZN6Stream14readBytesUntilEcPcj
                0x08006f88       0x30 .pio/build/genericSTM32F401CC/libFrameworkArduino.a(Stream.cpp.o)
                0x08006f88                Stream::readBytesUntil(char, char*, unsigned int)
 .text.__udivmoddi4
                0x08006fb8      0x2bc /home/ayush/.platformio/packages/toolchain-gccarmnoneeabi/bin/../lib/gcc/arm-none-eabi/12.3.1/thumb/v7e-m+fp/hard/libgcc.a(_udivmoddi4.o)
                0x08006fb8                __udivmoddi4
 .text.unlikely._ZSt25__throw_bad_function_callv
                0x08007274        0x6 /home/ayush/.platformio/packages/toolchain-gccarmnoneeabi/bin/../lib/gcc/arm-none-eabi/12.3.1/../../../../arm-none-eabi/lib/thumb/v7e-m+fp/hard/libstdc++_nano.a(functional.o)
                0x08007274                std::__throw_bad_function_call()
 .text.abort    0x0800727a        0xe /home/ayush/.platformio/packages/toolchain-gccarmnoneeabi/bin/../lib/gcc/arm-none-eabi/12.3.1/../../../../arm-none-eabi/lib/thumb/v7e-m+fp/hard/libc_nano.a(libc_a-abort.o)
                0x0800727a                abort
 .text.malloc   0x08007288       0x10 /home/ayush/.platformio/packages/toolchain-gccarmnoneeabi/bin/../lib/gcc/arm-none-eabi/12.3.1/../../../../arm-none-eabi/lib/thumb/v7e-m+fp/hard/libc_nano.a(libc_a-malloc.o)
                0x08007288                malloc
 .text.free     0x08007298       0x10 /home/ayush/.platformio/packages/toolchain-gccarmnoneeabi/bin/../lib/gcc/arm-none-eabi/12.3.1/../../../../arm-none-eabi/lib/thumb/v7e-m+fp/hard/libc_nano.a(libc_a-malloc.o)
                0x08007298                free
 .text.sbrk_aligned
                0x080072a8       0x44 /home/ayush/.platformio/packages/toolchain-gccarmnoneeabi/bin/../lib/gcc/arm-none-eabi/12.3.1/../../../../arm-none-eabi/lib/thumb/v7e-m+fp/hard/libc_nano.a(libc_a-mallocr.o)
 .text._malloc_r
                0x080072ec      0x100 /home/ayush/.platformio/packages/toolchain-gccarmnoneeabi/bin/../lib/gcc/arm-none-eabi/12.3.1/../../../../arm-none-eabi/lib/thumb/v7e-m+fp/hard/libc_nano.a(libc_a-mallocr.o)
                0x080072ec                _malloc_r
 .text.__malloc_lock
                0x080073ec        0xc /home/ayush/.platformio/packages/toolchain-gccarmnoneeabi/bin/../lib/gcc/arm-none-eabi/12.3.1/../../../../arm-none-eabi/lib/thumb/v7e-m+fp/hard/libc_nano.a(libc_a-mlock.o)
                0x080073ec                __malloc_lock
 .text.__malloc_unlock
                0x080073f8        0xc /home/ayush/.platformio/packages/toolchain-gccarmnoneeabi/bin/../lib/gcc/arm-none-eabi/12.3.1/../../../../arm-none-eabi/lib/thumb/v7e-m+fp/hard/libc_nano.a(libc_a-mlock.o)
                0x080073f8                __malloc_unlock
 .text.realloc  0x08007404       0x10 /home/ayush/.platformio/packages/toolchain-gccarmnoneeabi/bin/../lib/gcc/arm-none-eabi/12.3.1/../../../../arm-none-eabi/lib/thumb/v7e-m+fp/hard/libc_nano.a(libc_a-realloc.o)
                0x08007404                realloc
 .text._realloc_r
                0x08007414       0x5c /home/ayush/.platformio/packages/toolchain-gccarmnoneeabi/bin/../lib/gcc/arm-none-eabi/12.3.1/../../../../arm-none-eabi/lib/thumb/v7e-m+fp/hard/libc_nano.a(libc_a-reallocr.o)
                0x08007414                _realloc_r
 .text.memmove  0x08007470       0x34 /home/ayush/.platformio/packages/toolchain-gccarmnoneeabi/bin/../lib/gcc/arm-none-eabi/12.3.1/../../../../arm-none-eabi/lib/thumb/v7e-m+fp/hard/libc_nano.a(libc_a-memmove.o)
                0x08007470                memmove
 .text.memset   0x080074a4       0x10 /home/ayush/.platformio/packages/toolchain-gccarmnoneeabi/bin/../lib/gcc/arm-none-eabi/12.3.1/../../../../arm-none-eabi/lib/thumb/v7e-m+fp/hard/libc_nano.a(libc_a-memset.o)
                0x080074a4                memset
 .text._raise_r
                0x080074b4       0x50 /home/ayush/.platformio/packages/toolchain-gccarmnoneeabi/bin/../lib/gcc/arm-none-eabi/12.3.1/../../../../arm-none-eabi/lib/thumb/v7e-m+fp/hard/libc_nano.a(libc_a-signal.o)
                0x080074b4                _raise_r
 .text.raise    0x08007504       0x10 /home/ayush/.platformio/packages/toolchain-gccarmnoneeabi/bin/../lib/gcc/arm-none-eabi/12.3.1/../../../../arm-none-eabi/lib/thumb/v7e-m+fp/hard/libc_nano.a(libc_a-signal.o)
                0x08007504                raise
 .text._kill_r  0x08007514       0x24 /home/ayush/.platformio/packages/toolchain-gccarmnoneeabi/bin/../lib/gcc/arm-none-eabi/12.3.1/../../../../arm-none-eabi/lib/thumb/v7e-m+fp/hard/libc_nano.a(libc_a-signalr.o)
                0x08007514                _kill_r
 .text._getpid_r
                0x08007538        0x4 /home/ayush/.platformio/packages/toolchain-gccarmnoneeabi/bin/../lib/gcc/arm-none-eabi/12.3.1/../../../../arm-none-eabi/lib/thumb/v7e-m+fp/hard/libc_nano.a(libc_a-signalr.o)
                0x08007538                _getpid_r
 .text._sbrk_r  0x0800753c       0x20 /home/ayush/.platformio/packages/toolchain-gccarmnoneeabi/bin/../lib/gcc/arm-none-eabi/12.3.1/../../../../arm-none-eabi/lib/thumb/v7e-m+fp/hard/libc_nano.a(libc_a-sbrkr.o)
                0x0800753c                _sbrk_r
 .text.__libc_init_array
                0x0800755c       0x48 /home/ayush/.platformio/packages/toolchain-gccarmnoneeabi/bin/../lib/gcc/arm-none-eabi/12.3.1/../../../../arm-none-eabi/lib/thumb/v7e-m+fp/hard/libc_nano.a(libc_a-init.o)
                0x0800755c                __libc_init_array
 .text.__retarget_lock_acquire_recursive
                0x080075a4        0x2 /home/ayush/.platformio/packages/toolchain-gccarmnoneeabi/bin/../lib/gcc/arm-none-eabi/12.3.1/../../../../arm-none-eabi/lib/thumb/v7e-m+fp/hard/libc_nano.a(libc_a-lock.o)
                0x080075a4                __retarget_lock_acquire_recursive
 .text.__retarget_lock_release_recursive
                0x080075a6        0x2 /home/ayush/.platformio/packages/toolchain-gccarmnoneeabi/bin/../lib/gcc/arm-none-eabi/12.3.1/../../../../arm-none-eabi/lib/thumb/v7e-m+fp/hard/libc_nano.a(libc_a-lock.o)
                0x080075a6                __retarget_lock_release_recursive
 .text.memcpy   0x080075a8       0x1c /home/ayush/.platformio/packages/toolchain-gccarmnoneeabi/bin/../lib/gcc/arm-none-eabi/12.3.1/../../../../arm-none-eabi/lib/thumb/v7e-m+fp/hard/libc_nano.a(libc_a-memcpy-stub.o)
                0x080075a8                memcpy
 .text._free_r  0x080075c4       0x94 /home/ayush/.platformio/packages/toolchain-gccarmnoneeabi/bin/../lib/gcc/arm-none-eabi/12.3.1/../../../../arm-none-eabi/lib/thumb/v7e-m+fp/hard/libc_nano.a(libc_a-freer.o)
                0x080075c4                _free_r
 .text._malloc_usable_size_r
                0x08007658       0x10 /home/ayush/.platformio/packages/toolchain-gccarmnoneeabi/bin/../lib/gcc/arm-none-eabi/12.3.1/../../../../arm-none-eabi/lib/thumb/v7e-m+fp/hard/libc_nano.a(libc_a-msizer.o)
                0x08007658                _malloc_usable_size_r
 *(.glue_7)
 .glue_7        0x08007668        0x0 linker stubs
 *(.glue_7t)
 .glue_7t       0x08007668        0x0 linker stubs
 *(.eh_frame)
 .eh_frame      0x08007668        0x0 /home/ayush/.platformio/packages/toolchain-gccarmnoneeabi/bin/../lib/gcc/arm-none-eabi/12.3.1/thumb/v7e-m+fp/hard/crtbegin.o
 *(.init)
 .init          0x08007668        0x4 /home/ayush/.platformio/packages/toolchain-gccarmnoneeabi/bin/../lib/gcc/arm-none-eabi/12.3.1/thumb/v7e-m+fp/hard/crti.o
                0x08007668                _init
 .init          0x0800766c        0x8 /home/ayush/.platformio/packages/toolchain-gccarmnoneeabi/bin/../lib/gcc/arm-none-eabi/12.3.1/thumb/v7e-m+fp/hard/crtn.o
 *(.fini)
 .fini          0x08007674        0x4 /home/ayush/.platformio/packages/toolchain-gccarmnoneeabi/bin/../lib/gcc/arm-none-eabi/12.3.1/thumb/v7e-m+fp/hard/crti.o
                0x08007674                _fini
 .fini          0x08007678        0x8 /home/ayush/.platformio/packages/toolchain-gccarmnoneeabi/bin/../lib/gcc/arm-none-eabi/12.3.1/thumb/v7e-m+fp/hard/crtn.o
                0x08007680                        . = ALIGN (0x4)
                0x08007680                        _etext = .

.vfp11_veneer   0x08007680        0x0
 .vfp11_veneer  0x08007680        0x0 linker stubs

.v4_bx          0x08007680        0x0
 .v4_bx         0x08007680        0x0 linker stubs

.iplt           0x08007680        0x0
 .iplt          0x08007680        0x0 /home/ayush/.platformio/packages/toolchain-gccarmnoneeabi/bin/../lib/gcc/arm-none-eabi/12.3.1/thumb/v7e-m+fp/hard/crtbegin.o

.rodata         0x08007680      0x6b0
                0x08007680                        . = ALIGN (0x4)
 *(.rodata)
 *(.rodata*)
 .rodata.PinMap_USB_OTG_FS
                0x08007680       0x48 .pio/build/genericSTM32F401CC/FrameworkArduinoVariant/PeripheralPins.c.o
                0x08007680                PinMap_USB_OTG_FS
 .rodata.PinMap_UART_RX
                0x080076c8       0x3c .pio/build/genericSTM32F401CC/FrameworkArduinoVariant/PeripheralPins.c.o
                0x080076c8                PinMap_UART_RX
 .rodata.PinMap_UART_TX
                0x08007704       0x3c .pio/build/genericSTM32F401CC/FrameworkArduinoVariant/PeripheralPins.c.o
                0x08007704                PinMap_UART_TX
 .rodata.PinMap_TIM
                0x08007740      0x1bc .pio/build/genericSTM32F401CC/FrameworkArduinoVariant/PeripheralPins.c.o
                0x08007740                PinMap_TIM
 .rodata.analogInputPin
                0x080078fc       0x28 .pio/build/genericSTM32F401CC/FrameworkArduinoVariant/variant_generic.cpp.o
                0x080078fc                analogInputPin
 .rodata.digitalPin
                0x08007924       0x90 .pio/build/genericSTM32F401CC/FrameworkArduinoVariant/variant_generic.cpp.o
                0x08007924                digitalPin
 .rodata.CSWTCH.99
                0x080079b4        0x4 .pio/build/genericSTM32F401CC/SrcWrapper/src/HardwareTimer.cpp.o
 .rodata.CSWTCH.97
                0x080079b8        0x4 .pio/build/genericSTM32F401CC/SrcWrapper/src/HardwareTimer.cpp.o
 .rodata.CSWTCH.95
                0x080079bc        0x8 .pio/build/genericSTM32F401CC/SrcWrapper/src/HardwareTimer.cpp.o
 .rodata.CSWTCH.94
                0x080079c4        0x6 .pio/build/genericSTM32F401CC/SrcWrapper/src/HardwareTimer.cpp.o
 *fill*         0x080079ca        0x2 
 .rodata.pin_map_ll
                0x080079cc       0x40 .pio/build/genericSTM32F401CC/SrcWrapper/src/stm32/pinmap.c.o
                0x080079cc                pin_map_ll
 .rodata.APBPrescTable
                0x08007a0c        0x8 .pio/build/genericSTM32F401CC/SrcWrapper/src/stm32/system_stm32yyxx.c.o
                0x08007a0c                APBPrescTable
 .rodata.AHBPrescTable
                0x08007a14       0x10 .pio/build/genericSTM32F401CC/SrcWrapper/src/stm32/system_stm32yyxx.c.o
                0x08007a14                AHBPrescTable
 .rodata._ZN8std_msgs4Time7getTypeEv.str1.1
                0x08007a24        0xe .pio/build/genericSTM32F401CC/src/main.cpp.o
 .rodata._ZN8std_msgs4Time6getMD5Ev.str1.1
                0x08007a32       0x21 .pio/build/genericSTM32F401CC/src/main.cpp.o
 .rodata._ZN14rosserial_msgs9TopicInfo7getTypeEv.str1.1
                0x08007a53       0x19 .pio/build/genericSTM32F401CC/src/main.cpp.o
 .rodata._ZN14rosserial_msgs9TopicInfo6getMD5Ev.str1.1
                0x08007a6c       0x21 .pio/build/genericSTM32F401CC/src/main.cpp.o
 .rodata._ZN14rosserial_msgs3Log7getTypeEv.str1.1
                0x08007a8d       0x13 .pio/build/genericSTM32F401CC/src/main.cpp.o
 .rodata._ZN14rosserial_msgs3Log6getMD5Ev.str1.1
                0x08007aa0       0x21 .pio/build/genericSTM32F401CC/src/main.cpp.o
 .rodata._ZN14rosserial_msgs20RequestParamResponse6getMD5Ev.str1.1
                0x08007ac1       0x21 .pio/build/genericSTM32F401CC/src/main.cpp.o
 .rodata._ZN8std_msgs5Int167getTypeEv.str1.1
                0x08007ae2        0xf .pio/build/genericSTM32F401CC/src/main.cpp.o